// Vitest Snapshot v1, https://vitest.dev/guide/snapshot.html

exports[`Orgnrinput > snapshot test 1`] = `
<div>
  <div>
    <div
      class="navds-form-field navds-form-field--small"
    >
      <label
        class="navds-form-field__label navds-label navds-label--small"
        for="123"
      >
        <p
          class="typo-element"
        >
          Organisasjonsnummer
        </p>
      </label>
      <input
        class="navds-text-field__input navds-body-short navds-body-short--small"
        id="123"
        placeholder="Skriv inn..."
        type="text"
        value=""
      />
      <div
        aria-live="polite"
        aria-relevant="additions removals"
        class="navds-form-field__error"
        id="textField-error-aksel-id-1"
      />
    </div>
  </div>
</div>
`;
