// Vitest Snapshot v1, https://vitest.dev/guide/snapshot.html

exports[`Orgnrinput > snapshot test 1`] = `

<div>
  <div>
    <div class="melosys-textfield  navds-form-field navds-form-field--small">
      <label
        for="333"
        class="navds-form-field__label navds-label navds-label--small"
      >
        <p class="navds-body-long navds-body-long--small navds-typo--semibold">
          Organisasjonsnummer
        </p>
      </label>
      <input
        id="333"
        placeholder="Skriv inn..."
        class="navds-text-field__input navds-body-short navds-body-short--small"
        type="text"
        value="123"
      >
      <div
        class="navds-form-field__error"
        id="333"
        aria-relevant="additions removals"
        aria-live="polite"
      >
      </div>
    </div>
  </div>
</div>

`;
