// Vitest Snapshot v1, https://vitest.dev/guide/snapshot.html

exports[`EnkeltArbeidsforholdUtland > snapshot test 1`] = `

<div>
  <div class="cssklasse">
    <div class="row">
      <div class="col col-xs-6">
        <div class="melosys-textfield  navds-form-field navds-form-field--small">
          <label
            for="333"
            class="navds-form-field__label navds-label navds-label--small"
          >
            Navn på virksomheten
          </label>
          <input
            meta="[object Object]"
            id="333"
            class="navds-text-field__input navds-body-short navds-body-short--small"
            type="text"
            value
            name="333"
          >
          <div
            class="navds-form-field__error"
            id="333"
            aria-relevant="additions removals"
            aria-live="polite"
          >
          </div>
        </div>
      </div>
      <div class="col col-xs-6">
        <div class="melosys-textfield  navds-form-field navds-form-field--small">
          <label
            for="333"
            class="navds-form-field__label navds-label navds-label--small"
          >
            Registreringsnummer
          </label>
          <input
            meta="[object Object]"
            id="333"
            class="navds-text-field__input navds-body-short navds-body-short--small"
            type="text"
            value
            name="333"
          >
          <div
            class="navds-form-field__error"
            id="333"
            aria-relevant="additions removals"
            aria-live="polite"
          >
          </div>
        </div>
      </div>
    </div>
    <div class="row">
      <div class="col col-xs-12">
        <div class="melosys-textfield  navds-form-field navds-form-field--small">
          <label
            for="333"
            class="navds-form-field__label navds-label navds-label--small"
          >
            Bygning
          </label>
          <input
            meta="[object Object]"
            id="333"
            class="navds-text-field__input navds-body-short navds-body-short--small"
            type="text"
            value
            name="333"
          >
          <div
            class="navds-form-field__error"
            id="333"
            aria-relevant="additions removals"
            aria-live="polite"
          >
          </div>
        </div>
      </div>
    </div>
    <div class="row">
      <div class="col col-xs-6">
        <div class="melosys-textfield  navds-form-field navds-form-field--small">
          <label
            for="333"
            class="navds-form-field__label navds-label navds-label--small"
          >
            Gate/veg
          </label>
          <input
            meta="[object Object]"
            id="333"
            class="navds-text-field__input navds-body-short navds-body-short--small"
            type="text"
            value
            name="333"
          >
          <div
            class="navds-form-field__error"
            id="333"
            aria-relevant="additions removals"
            aria-live="polite"
          >
          </div>
        </div>
      </div>
      <div class="col col-xs-6">
        <div class="melosys-textfield  navds-form-field navds-form-field--small">
          <label
            for="333"
            class="navds-form-field__label navds-label navds-label--small"
          >
            Husnummer
          </label>
          <input
            meta="[object Object]"
            id="333"
            class="navds-text-field__input navds-body-short navds-body-short--small"
            type="text"
            value
            name="333"
          >
          <div
            class="navds-form-field__error"
            id="333"
            aria-relevant="additions removals"
            aria-live="polite"
          >
          </div>
        </div>
      </div>
    </div>
    <div class="row">
      <div class="col col-xs-6">
        <div class="melosys-textfield  navds-form-field navds-form-field--small">
          <label
            for="333"
            class="navds-form-field__label navds-label navds-label--small"
          >
            Poststed
          </label>
          <input
            meta="[object Object]"
            id="333"
            class="navds-text-field__input navds-body-short navds-body-short--small"
            type="text"
            value
            name="333"
          >
          <div
            class="navds-form-field__error"
            id="333"
            aria-relevant="additions removals"
            aria-live="polite"
          >
          </div>
        </div>
      </div>
      <div class="col col-xs-6">
        <div class="melosys-textfield  navds-form-field navds-form-field--small">
          <label
            for="333"
            class="navds-form-field__label navds-label navds-label--small"
          >
            Postnummer
          </label>
          <input
            meta="[object Object]"
            id="333"
            class="navds-text-field__input navds-body-short navds-body-short--small"
            type="text"
            value
            name="333"
          >
          <div
            class="navds-form-field__error"
            id="333"
            aria-relevant="additions removals"
            aria-live="polite"
          >
          </div>
        </div>
      </div>
    </div>
    <div class="row">
      <div class="col col-xs-6">
        <div class="melosys-textfield  navds-form-field navds-form-field--small">
          <label
            for="333"
            class="navds-form-field__label navds-label navds-label--small"
          >
            Region
          </label>
          <input
            meta="[object Object]"
            id="333"
            class="navds-text-field__input navds-body-short navds-body-short--small"
            type="text"
            value
            name="333"
          >
          <div
            class="navds-form-field__error"
            id="333"
            aria-relevant="additions removals"
            aria-live="polite"
          >
          </div>
        </div>
      </div>
      <div class="col col-xs-6">
        <div class>
          <div>
            <div class="melosys-textfield landliste__linje__input navds-form-field navds-form-field--small">
              <label
                for="333"
                class="navds-form-field__label navds-label navds-label--small"
              >
                Land
              </label>
              <input
                list="333"
                id="333"
                class="navds-text-field__input navds-body-short navds-body-short--small"
                type="text"
                value
              >
              <div
                class="navds-form-field__error"
                id="333"
                aria-relevant="additions removals"
                aria-live="polite"
              >
              </div>
            </div>
          </div>
          <div class="landliste__dataliste">
            <datalist id="333">
              <option value="Belgia (BE)">
                Belgia (BE)
              </option>
              <option value="Bulgaria (BG)">
                Bulgaria (BG)
              </option>
              <option value="Danmark (DK)">
                Danmark (DK)
              </option>
              <option value="Estland (EE)">
                Estland (EE)
              </option>
              <option value="Finland (FI)">
                Finland (FI)
              </option>
              <option value="Frankrike (FR)">
                Frankrike (FR)
              </option>
              <option value="Færøyene (FO)">
                Færøyene (FO)
              </option>
              <option value="Grønland (GL)">
                Grønland (GL)
              </option>
              <option value="Hellas (GR)">
                Hellas (GR)
              </option>
              <option value="Irland (IE)">
                Irland (IE)
              </option>
              <option value="Island (IS)">
                Island (IS)
              </option>
              <option value="Italia (IT)">
                Italia (IT)
              </option>
              <option value="Kroatia (HR)">
                Kroatia (HR)
              </option>
              <option value="Kypros (CY)">
                Kypros (CY)
              </option>
              <option value="Latvia (LV)">
                Latvia (LV)
              </option>
              <option value="Liechtenstein (LI)">
                Liechtenstein (LI)
              </option>
              <option value="Litauen (LT)">
                Litauen (LT)
              </option>
              <option value="Luxembourg (LU)">
                Luxembourg (LU)
              </option>
              <option value="Malta (MT)">
                Malta (MT)
              </option>
              <option value="Nederland (NL)">
                Nederland (NL)
              </option>
              <option value="Norge (NO)">
                Norge (NO)
              </option>
              <option value="Polen (PL)">
                Polen (PL)
              </option>
              <option value="Portugal (PT)">
                Portugal (PT)
              </option>
              <option value="Romania (RO)">
                Romania (RO)
              </option>
              <option value="Slovakia (SK)">
                Slovakia (SK)
              </option>
              <option value="Slovenia (SI)">
                Slovenia (SI)
              </option>
              <option value="Spania (ES)">
                Spania (ES)
              </option>
              <option value="Storbritannia (GB)">
                Storbritannia (GB)
              </option>
              <option value="Svalbard og Jan Mayen (SJ)">
                Svalbard og Jan Mayen (SJ)
              </option>
              <option value="Sveits (CH)">
                Sveits (CH)
              </option>
              <option value="Sverige (SE)">
                Sverige (SE)
              </option>
              <option value="Tsjekkia (CZ)">
                Tsjekkia (CZ)
              </option>
              <option value="Tyskland (DE)">
                Tyskland (DE)
              </option>
              <option value="Ungarn (HU)">
                Ungarn (HU)
              </option>
              <option value="Østerrike (AT)">
                Østerrike (AT)
              </option>
              <option value="Åland (AX)">
                Åland (AX)
              </option>
            </datalist>
          </div>
        </div>
      </div>
    </div>
    <div class="row">
      <div class="col col-xs-12">
        <div class="navds-checkbox navds-checkbox--small">
          <input
            class="navds-checkbox__input"
            id="333"
            aria-labelledby="333"
            type="checkbox"
            value
            name="333"
          >
          <label
            for="333"
            class="navds-checkbox__label"
          >
            <span class="navds-checkbox__icon">
              <svg
                xmlns="http://www.w3.org/2000/svg"
                width="0.8125rem"
                height="0.625rem"
                viewbox="0 0 13 10"
                fill="none"
                focusable="false"
                role="img"
                aria-hidden="true"
              >
                <path
                  d="M4.03524 6.41478L10.4752 0.404669C11.0792 -0.160351 12.029 -0.130672 12.5955 0.47478C13.162 1.08027 13.1296 2.03007 12.5245 2.59621L5.02111 9.59934C4.74099 9.85904 4.37559 10 4.00025 10C3.60651 10 3.22717 9.84621 2.93914 9.56111L0.439143 7.06111C-0.146381 6.47558 -0.146381 5.52542 0.439143 4.93989C1.02467 4.35437 1.97483 4.35437 2.56036 4.93989L4.03524 6.41478Z"
                  fill="currentColor"
                >
                </path>
              </svg>
            </span>
            <span class="navds-checkbox__icon-indeterminate">
            </span>
            <span class="navds-checkbox__content">
              <span
                id="333"
                aria-hidden="true"
                class="navds-checkbox__label-text navds-body-short navds-body-short--small"
              >
                Tilhører virksomheten samme konsern som den norske arbeidsgiveren?
              </span>
            </span>
          </label>
        </div>
      </div>
    </div>
  </div>
</div>

`;
