// Vitest Snapshot v1, https://vitest.dev/guide/snapshot.html

exports[`EnkeltArbeidsforholdUtland > snapshot test 1`] = `
<div>
  <div
    class="cssklasse"
  >
    <div
      class="row"
    >
      <div
        class="col col-xs-6"
      >
        <div
          class="melosys-textfield  navds-form-field navds-form-field--small"
        >
          <label
            class="navds-form-field__label navds-label navds-label--small"
            for="04d9be7e-2918-4fdd-9426-9df5dc2cb2db"
          >
            Navn på virksomheten
          </label>
          <input
            class="navds-text-field__input navds-body-short navds-body-short--small"
            id="04d9be7e-2918-4fdd-9426-9df5dc2cb2db"
            meta="[object Object]"
            name="feltnavn.navn"
            type="text"
            value=""
          />
          <div
            aria-live="polite"
            aria-relevant="additions removals"
            class="navds-form-field__error"
            id="textField-error-r0"
          />
        </div>
      </div>
      <div
        class="col col-xs-6"
      >
        <div
          class="melosys-textfield  navds-form-field navds-form-field--small"
        >
          <label
            class="navds-form-field__label navds-label navds-label--small"
            for="bd92d5e3-0aef-4293-af07-3035b8f785d2"
          >
            Registreringsnummer
          </label>
          <input
            class="navds-text-field__input navds-body-short navds-body-short--small"
            id="bd92d5e3-0aef-4293-af07-3035b8f785d2"
            meta="[object Object]"
            name="feltnavn.orgnr"
            type="text"
            value=""
          />
          <div
            aria-live="polite"
            aria-relevant="additions removals"
            class="navds-form-field__error"
            id="textField-error-r1"
          />
        </div>
      </div>
    </div>
    <div
      class="row"
    >
      <div
        class="col col-xs-12"
      >
        <div
          class="melosys-textfield  navds-form-field navds-form-field--small"
        >
          <label
            class="navds-form-field__label navds-label navds-label--small"
            for="c9a3240b-3e75-4b53-b7bc-56432475797c"
          >
            Adressetilleggsnavn
          </label>
          <input
            class="navds-text-field__input navds-body-short navds-body-short--small"
            id="c9a3240b-3e75-4b53-b7bc-56432475797c"
            meta="[object Object]"
            name="feltnavn.adresse.tilleggsnavn"
            type="text"
            value=""
          />
          <div
            aria-live="polite"
            aria-relevant="additions removals"
            class="navds-form-field__error"
            id="textField-error-r2"
          />
        </div>
      </div>
    </div>
    <div
      class="row"
    >
      <div
        class="col col-xs-6"
      >
        <div
          class="melosys-textfield  navds-form-field navds-form-field--small"
        >
          <label
            class="navds-form-field__label navds-label navds-label--small"
            for="e8b8d68a-42f4-4fdc-9862-e6eb676cf0c2"
          >
            Adresse til arbeidsgiver
          </label>
          <input
            class="navds-text-field__input navds-body-short navds-body-short--small"
            id="e8b8d68a-42f4-4fdc-9862-e6eb676cf0c2"
            meta="[object Object]"
            name="feltnavn.adresse.gatenavn"
            type="text"
            value=""
          />
          <div
            aria-live="polite"
            aria-relevant="additions removals"
            class="navds-form-field__error"
            id="textField-error-r3"
          />
        </div>
      </div>
      <div
        class="col col-xs-6"
      >
        <div
          class="melosys-textfield  navds-form-field navds-form-field--small"
        >
          <label
            class="navds-form-field__label navds-label navds-label--small"
            for="3d408f07-19e8-42d5-8cb8-10ec410e22c1"
          >
            Husnummer
          </label>
          <input
            class="navds-text-field__input navds-body-short navds-body-short--small"
            id="3d408f07-19e8-42d5-8cb8-10ec410e22c1"
            meta="[object Object]"
            name="feltnavn.adresse.husnummerEtasjeLeilighet"
            type="text"
            value=""
          />
          <div
            aria-live="polite"
            aria-relevant="additions removals"
            class="navds-form-field__error"
            id="textField-error-r4"
          />
        </div>
      </div>
    </div>
    <div
      class="row"
    >
      <div
        class="col col-xs-6"
      >
        <div
          class="melosys-textfield  navds-form-field navds-form-field--small"
        >
          <label
            class="navds-form-field__label navds-label navds-label--small"
            for="932df0c2-f953-4ebf-8745-6d88a0111687"
          >
            Poststed
          </label>
          <input
            class="navds-text-field__input navds-body-short navds-body-short--small"
            id="932df0c2-f953-4ebf-8745-6d88a0111687"
            meta="[object Object]"
            name="feltnavn.adresse.poststed"
            type="text"
            value=""
          />
          <div
            aria-live="polite"
            aria-relevant="additions removals"
            class="navds-form-field__error"
            id="textField-error-r5"
          />
        </div>
      </div>
      <div
        class="col col-xs-6"
      >
        <div
          class="melosys-textfield  navds-form-field navds-form-field--small"
        >
          <label
            class="navds-form-field__label navds-label navds-label--small"
            for="ad327f13-824d-4da4-9269-154696eea26d"
          >
            Postnummer
          </label>
          <input
            class="navds-text-field__input navds-body-short navds-body-short--small"
            id="ad327f13-824d-4da4-9269-154696eea26d"
            meta="[object Object]"
            name="feltnavn.adresse.postnummer"
            type="text"
            value=""
          />
          <div
            aria-live="polite"
            aria-relevant="additions removals"
            class="navds-form-field__error"
            id="textField-error-r6"
          />
        </div>
      </div>
    </div>
    <div
      class="row"
    >
      <div
        class="col col-xs-12"
      >
        <div
          class="melosys-textfield  navds-form-field navds-form-field--small"
        >
          <label
            class="navds-form-field__label navds-label navds-label--small"
            for="8cb39abd-c37f-4e18-8777-733daec80263"
          >
            Postboks
          </label>
          <input
            class="navds-text-field__input navds-body-short navds-body-short--small"
            id="8cb39abd-c37f-4e18-8777-733daec80263"
            meta="[object Object]"
            name="feltnavn.adresse.postboks"
            type="text"
            value=""
          />
          <div
            aria-live="polite"
            aria-relevant="additions removals"
            class="navds-form-field__error"
            id="textField-error-r7"
          />
        </div>
      </div>
    </div>
    <div
      class="row"
    >
      <div
        class="col col-xs-6"
      >
        <div
          class="melosys-textfield  navds-form-field navds-form-field--small"
        >
          <label
            class="navds-form-field__label navds-label navds-label--small"
            for="6c8fa197-3f56-4ff2-b048-c723847bca75"
          >
            Region
          </label>
          <input
            class="navds-text-field__input navds-body-short navds-body-short--small"
            id="6c8fa197-3f56-4ff2-b048-c723847bca75"
            meta="[object Object]"
            name="feltnavn.adresse.region"
            type="text"
            value=""
          />
          <div
            aria-live="polite"
            aria-relevant="additions removals"
            class="navds-form-field__error"
            id="textField-error-r8"
          />
        </div>
      </div>
      <div
        class="col col-xs-6"
      >
        <div
          class=""
        >
          <div>
            <div
              class="melosys-textfield landliste__linje__input navds-form-field navds-form-field--small"
            >
              <label
                class="navds-form-field__label navds-label navds-label--small"
                for="c90bb8ad-0e33-474a-918a-d6c16903291a"
              >
                Land
              </label>
              <input
                class="navds-text-field__input navds-body-short navds-body-short--small"
                id="c90bb8ad-0e33-474a-918a-d6c16903291a"
                list="datalist-02d49100-b2b8-4132-a1c4-a11f65f13dc1"
                type="text"
                value=""
              />
              <div
                aria-live="polite"
                aria-relevant="additions removals"
                class="navds-form-field__error"
                id="textField-error-r9"
              />
            </div>
          </div>
          <div
            class="landliste__dataliste"
          >
            <datalist
              id="datalist-02d49100-b2b8-4132-a1c4-a11f65f13dc1"
            >
              <option
                value="Belgia (BE)"
              >
                Belgia (BE)
              </option>
              <option
                value="Bulgaria (BG)"
              >
                Bulgaria (BG)
              </option>
              <option
                value="Danmark (DK)"
              >
                Danmark (DK)
              </option>
              <option
                value="Estland (EE)"
              >
                Estland (EE)
              </option>
              <option
                value="Finland (FI)"
              >
                Finland (FI)
              </option>
              <option
                value="Frankrike (FR)"
              >
                Frankrike (FR)
              </option>
              <option
                value="Færøyene (FO)"
              >
                Færøyene (FO)
              </option>
              <option
                value="Grønland (GL)"
              >
                Grønland (GL)
              </option>
              <option
                value="Hellas (GR)"
              >
                Hellas (GR)
              </option>
              <option
                value="Irland (IE)"
              >
                Irland (IE)
              </option>
              <option
                value="Island (IS)"
              >
                Island (IS)
              </option>
              <option
                value="Italia (IT)"
              >
                Italia (IT)
              </option>
              <option
                value="Kroatia (HR)"
              >
                Kroatia (HR)
              </option>
              <option
                value="Kypros (CY)"
              >
                Kypros (CY)
              </option>
              <option
                value="Latvia (LV)"
              >
                Latvia (LV)
              </option>
              <option
                value="Liechtenstein (LI)"
              >
                Liechtenstein (LI)
              </option>
              <option
                value="Litauen (LT)"
              >
                Litauen (LT)
              </option>
              <option
                value="Luxembourg (LU)"
              >
                Luxembourg (LU)
              </option>
              <option
                value="Malta (MT)"
              >
                Malta (MT)
              </option>
              <option
                value="Nederland (NL)"
              >
                Nederland (NL)
              </option>
              <option
                value="Norge (NO)"
              >
                Norge (NO)
              </option>
              <option
                value="Polen (PL)"
              >
                Polen (PL)
              </option>
              <option
                value="Portugal (PT)"
              >
                Portugal (PT)
              </option>
              <option
                value="Romania (RO)"
              >
                Romania (RO)
              </option>
              <option
                value="Slovakia (SK)"
              >
                Slovakia (SK)
              </option>
              <option
                value="Slovenia (SI)"
              >
                Slovenia (SI)
              </option>
              <option
                value="Spania (ES)"
              >
                Spania (ES)
              </option>
              <option
                value="Storbritannia (GB)"
              >
                Storbritannia (GB)
              </option>
              <option
                value="Svalbard og Jan Mayen (SJ)"
              >
                Svalbard og Jan Mayen (SJ)
              </option>
              <option
                value="Sveits (CH)"
              >
                Sveits (CH)
              </option>
              <option
                value="Sverige (SE)"
              >
                Sverige (SE)
              </option>
              <option
                value="Tsjekkia (CZ)"
              >
                Tsjekkia (CZ)
              </option>
              <option
                value="Tyskland (DE)"
              >
                Tyskland (DE)
              </option>
              <option
                value="Ungarn (HU)"
              >
                Ungarn (HU)
              </option>
              <option
                value="Østerrike (AT)"
              >
                Østerrike (AT)
              </option>
              <option
                value="Åland (AX)"
              >
                Åland (AX)
              </option>
            </datalist>
          </div>
        </div>
      </div>
    </div>
  </div>
</div>
`;
