// Vitest Snapshot v1, https://vitest.dev/guide/snapshot.html

exports[`VurderingVurderarbeidsland > snapshot test 1`] = `

<div>
  <div class="vurderingVurderArbeidsland">
    <h1 class="stegvelgertittel overskrift aksel-heading aksel-heading--medium">
      Vurder arbeidsland
    </h1>
    <p class="undertittel aksel-body-long aksel-body-long--small aksel-typo--semibold">
      Vurdering sokkel/skip
    </p>
    <div class="borderBottom">
      <div class="row sokkelSkip__liste__rad">
        <div class="col col-xs-3">
          Dunfjæder
        </div>
        <div class="col col-xs-2">
          <fieldset
            role="radiogroup"
            aria-labelledby="333"
            class="aksel-radio-group aksel-radio-group--small aksel-fieldset aksel-fieldset--small"
          >
            <legend
              id="333"
              class="aksel-fieldset__legend aksel-label aksel-typo--visually-hidden aksel-label--small"
            >
            </legend>
            <div class="aksel-radio-buttons">
              <div class="aksel-radio aksel-radio--small">
                <input
                  id="333"
                  class="aksel-radio__input"
                  data-standalone="false"
                  type="radio"
                  value="SOKKEL"
                  name="333"
                >
                <label
                  for="333"
                  class="aksel-radio__label aksel-body-short aksel-body-short--small"
                >
                  Sokkel
                </label>
              </div>
              <div class="aksel-radio aksel-radio--small">
                <input
                  id="333"
                  class="aksel-radio__input"
                  data-standalone="false"
                  type="radio"
                  value="SKIP"
                  name="333"
                >
                <label
                  for="333"
                  class="aksel-radio__label aksel-body-short aksel-body-short--small"
                >
                  Skip
                </label>
              </div>
            </div>
            <div
              id="333"
              aria-relevant="additions removals"
              aria-live="polite"
              class="aksel-fieldset__error"
            >
            </div>
          </fieldset>
        </div>
        <div class="col col-xs-4">
          <p class="arbeidsland_label aksel-body-long aksel-body-long--small aksel-typo--semibold">
            Velg arbeidsland
          </p>
          <fieldset
            role="radiogroup"
            aria-labelledby="333"
            class="aksel-radio-group aksel-radio-group--small aksel-fieldset aksel-fieldset--small"
          >
            <legend
              id="333"
              class="aksel-fieldset__legend aksel-label aksel-typo--visually-hidden aksel-label--small"
            >
            </legend>
            <div class="aksel-radio-buttons">
              <div class="aksel-radio aksel-radio--small">
                <input
                  id="333"
                  class="aksel-radio__input"
                  data-standalone="false"
                  type="radio"
                  value="Flaggland"
                  name="333"
                >
                <label
                  for="333"
                  class="aksel-radio__label aksel-body-short aksel-body-short--small"
                >
                  Storbritannia - Flaggland
                </label>
              </div>
              <div class="aksel-radio aksel-radio--small">
                <input
                  id="333"
                  class="aksel-radio__input"
                  data-standalone="false"
                  type="radio"
                  value="Sokkelland"
                  name="333"
                >
                <label
                  for="333"
                  class="aksel-radio__label aksel-body-short aksel-body-short--small"
                >
                  Storbritannia - Sokkelland
                </label>
              </div>
              <div class="aksel-radio aksel-radio--small">
                <input
                  id="333"
                  class="aksel-radio__input"
                  data-standalone="false"
                  type="radio"
                  value="Territorialfarvannsland"
                  name="333"
                >
                <label
                  for="333"
                  class="aksel-radio__label aksel-body-short aksel-body-short--small"
                >
                  Storbritannia - Territorialfarvannsland
                </label>
              </div>
            </div>
            <div
              id="333"
              aria-relevant="additions removals"
              aria-live="polite"
              class="aksel-fieldset__error"
            >
            </div>
          </fieldset>
        </div>
      </div>
    </div>
    <div class="row">
      <div class="col col-xs-6">
        <p class="undertittel aksel-body-long aksel-body-long--small aksel-typo--semibold">
          Land fra inngangsvilkår
        </p>
        <div>
        </div>
      </div>
    </div>
    <div class="stegKnapper">
      <button
        data-variant="primary"
        class="stegKnapper__bekreft aksel-button aksel-button--small"
      >
        <span class="aksel-label aksel-label--small">
          Bekreft og fortsett
        </span>
      </button>
      <button
        data-variant="tertiary"
        class="stegKnapper__tilbake aksel-button aksel-button--small"
      >
        <span class="aksel-button__icon">
          <svg
            width="16"
            height="14"
            viewbox="0 0 16 14"
            fill="none"
            xmlns="http://www.w3.org/2000/svg"
          >
            <path
              fill-rule="evenodd"
              clip-rule="evenodd"
              d="M16 7.66732L2.47 7.66732L7.33333 12.6976L6.41697 13.6673L0 7.00065L6.41697 0.333984L7.33333 1.30368L2.47 6.33398L16 6.33398V7.66732Z"
              fill="#0067C5"
            >
            </path>
          </svg>
        </span>
        <span class="aksel-label aksel-label--small">
          Tilbake
        </span>
      </button>
    </div>
  </div>
</div>

`;
