// Vitest Snapshot v1, https://vitest.dev/guide/snapshot.html

exports[`Begrunnelser > snapshot test 1`] = `

<div>
  <div class="begrunnelser">
    <p class="typo-element begrunnelseTittel">
      Begrunnelser
    </p>
    <p class="typo-normal begrunnelse">
      Term1
    </p>
    <p class="typo-normal begrunnelse">
    </p>
    <p class="typo-normal begrunnelse">
      Term3
    </p>
  </div>
</div>

`;
