// Jest Snapshot v1, https://goo.gl/fbAQLP

exports[`Begrunnelser snapshot test 1`] = `
<div
  className="begrunnelser"
>
  <p
    className="typo-element begrunnelseTittel"
  >
    Begrunnelser
  </p>
  <div
    className="begrunnelse"
  >
    Term1
  </div>
  <div
    className="begrunnelse"
  />
  <div
    className="begrunnelse"
  >
    Term3
  </div>
</div>
`;
