// Jest Snapshot v1, https://goo.gl/fbAQLP

exports[`VurderingUtpekt snapshot test 1`] = `
<div>
  <form
    class="vurderingutpekt"
  >
    <h1
      class="typo-innholdstittel stegvelgertittel"
    >
      Vurder lovvalgsbeslutningen (A003)
    </h1>
    <div
      class="row rad"
    >
      <div
        class="col col-xs-5"
      />
    </div>
    <div
      class="row rad"
    >
      <div
        class="col col-xs-5"
      >
        <p
          class="typo-element"
        >
          Grunnlag
        </p>
        <div
          class="skjemaelement"
        >
          
          <div
            class="selectContainer input--fullbredde"
          >
            <select
              aria-invalid="false"
              class="skjemaelement__input"
              id="123"
              name="lovvalgsbestemmelse"
            >
              <option
                disabled=""
                value=""
              />
              <option
                disabled=""
                value=""
              >
                Velg
              </option>
              <option
                value="FO_883_2004_ART13_1A"
              >
                Rfo. 883/2004 art.13(1)(a)
              </option>
              <option
                value="FO_883_2004_ART13_1B1"
              >
                Rfo. 883/2004 art.13(1)(b)(i)
              </option>
              <option
                value="FO_883_2004_ART13_1B2"
              >
                Rfo. 883/2004 art.13(1)(b)(ii)
              </option>
              <option
                value="FO_883_2004_ART13_1B3"
              >
                Rfo. 883/2004 art. 13(1)(b)(iii)
              </option>
              <option
                value="FO_883_2004_ART13_1B4"
              >
                Rfo. 883/2004 art.13(1)(b)(iv)
              </option>
              <option
                value="FO_883_2004_ART13_2A"
              >
                Rfo. 883/2004 art.13(2)(a)
              </option>
              <option
                value="FO_883_2004_ART13_2B"
              >
                Rfo. 883/2004 art.13(2)(b)
              </option>
              <option
                value="FO_883_2004_ART13_3"
              >
                Rfo. 883/2004 art.13(3)
              </option>
              <option
                value="FO_883_2004_ART13_4"
              >
                Rfo. 883/2004 art.13(4)
              </option>
            </select>
          </div>
        </div>
      </div>
    </div>
    <div
      class="row rad"
    >
      <div
        class="col col-xs-5"
      >
        <p
          class="typo-element"
        >
          Overgangsregler gjelder:
        </p>
        <fieldset
          class="fieldset"
        >
          <legend
            class="fieldset__legend"
          />
          <div
            class="listevelger"
          >
            <div>
              <div
                class="listevelger__linje"
              >
                <div
                  class="skjemaelement listevelger__linje__input"
                >
                  <label
                    class="skjemaelement__label"
                    for="listevelger-overgangsregelbestemmelser"
                  >
                    Legg til ny overgangsregelbestemmelse:
                  </label>
                  <input
                    aria-invalid="false"
                    class="skjemaelement__input input--fullbredde"
                    id="listevelger-overgangsregelbestemmelser"
                    list="dataliste-overgangsregelbestemmelser"
                    placeholder="(Velg bestemmelse)"
                    type="text"
                    value=""
                  />
                </div>
                <button
                  class="knapp listevelger__linje__knapp listevelger__linje__knapp--leggtil knapp--standard knapp--mini"
                  type="submit"
                >
                  Legg til
                </button>
              </div>
              <datalist
                id="dataliste-overgangsregelbestemmelser"
              >
                <option
                  label="Rfo. 1408/1971 artikkel 14 nr. 2 bokstav a"
                  value="Rfo. 1408/1971 artikkel 14 nr. 2 bokstav a"
                />
                <option
                  label="Rfo. 1408/1971 artikkel 14 nr. 2 bokstav b"
                  value="Rfo. 1408/1971 artikkel 14 nr. 2 bokstav b"
                />
                <option
                  label="Rfo. 1408/1971 artikkel 14a nr. 2"
                  value="Rfo. 1408/1971 artikkel 14a nr. 2"
                />
                <option
                  label="Rfo. 1408/1971 artikkel 14c bokstav a"
                  value="Rfo. 1408/1971 artikkel 14c bokstav a"
                />
                <option
                  label="Rfo. 1408/1971 artikkel 14c bokstav b"
                  value="Rfo. 1408/1971 artikkel 14c bokstav b"
                />
              </datalist>
            </div>
          </div>
        </fieldset>
      </div>
    </div>
    <div
      class="row rad"
    >
      <div
        class="col col-xs-5"
      >
        <p
          class="typo-element"
        >
          Lovvalgsperiode
        </p>
        <div
          class="row"
        >
          <div
            class="col col-xs-6"
          >
            <div
              class="skjemaelement__datovelger"
              meta="[object Object]"
            >
              <div
                class="datovelger"
              >
                <div
                  class="navds-date__wrapper"
                >
                  <div
                    class="datovelger__input input--fullbredde navds-form-field navds-form-field--small navds-date__field"
                  >
                    <label
                      class="navds-form-field__label navds-label navds-label--small"
                      for="321"
                    >
                      Fra og med
                    </label>
                    <div
                      class="navds-date__field-wrapper"
                    >
                      <input
                        aria-controls="aksel-id-2"
                        aria-invalid="false"
                        autocomplete="off"
                        class="navds-date__field-input navds-text-field__input navds-body-short navds-body-small"
                        id="321"
                        size="14"
                        value=""
                      />
                      <button
                        class="navds-date__field-button"
                        tabindex="0"
                        type="button"
                      >
                        <svg
                          aria-labelledby="title-aksel-icon-1"
                          fill="none"
                          focusable="false"
                          height="1em"
                          pointer-events="none"
                          role="img"
                          viewBox="0 0 24 24"
                          width="1em"
                          xmlns="http://www.w3.org/2000/svg"
                        >
                          <title
                            id="title-aksel-icon-1"
                          >
                            Åpne datovelger
                          </title>
                          <path
                            clip-rule="evenodd"
                            d="M9.75 3a.75.75 0 0 0-1.5 0v1.25H4.5c-.69 0-1.25.56-1.25 1.25v13c0 .69.56 1.25 1.25 1.25h15c.69 0 1.25-.56 1.25-1.25v-13c0-.69-.56-1.25-1.25-1.25h-3.75V3a.75.75 0 0 0-1.5 0v1.25h-4.5V3Zm-5 2.75h3.5V7a.75.75 0 0 0 1.5 0V5.75h4.5V7a.75.75 0 0 0 1.5 0V5.75h3.5v3.5H4.75v-3.5Zm0 5v7.5h14.5v-7.5H4.75Zm2 2.25a.75.75 0 0 1 .75-.75h1a.75.75 0 0 1 0 1.5h-1a.75.75 0 0 1-.75-.75Zm4.75-.75a.75.75 0 0 0 0 1.5h1a.75.75 0 0 0 0-1.5h-1Zm3.25.75a.75.75 0 0 1 .75-.75h1a.75.75 0 0 1 0 1.5h-1a.75.75 0 0 1-.75-.75Zm-3.25 2.25a.75.75 0 0 0 0 1.5h1a.75.75 0 0 0 0-1.5h-1Zm3.25.75a.75.75 0 0 1 .75-.75h1a.75.75 0 0 1 0 1.5h-1a.75.75 0 0 1-.75-.75Zm-7.25-.75a.75.75 0 0 0 0 1.5h1a.75.75 0 0 0 0-1.5h-1Z"
                            fill="currentColor"
                            fill-rule="evenodd"
                          />
                        </svg>
                      </button>
                    </div>
                    <div
                      aria-live="polite"
                      aria-relevant="additions removals"
                      class="navds-form-field__error"
                      id="datepicker-input-error-aksel-id-1"
                    />
                  </div>
                </div>
              </div>
            </div>
          </div>
          <div
            class="col col-xs-6"
          >
            <div
              class="skjemaelement__datovelger"
              meta="[object Object]"
            >
              <div
                class="datovelger"
              >
                <div
                  class="navds-date__wrapper"
                >
                  <div
                    class="datovelger__input input--fullbredde navds-form-field navds-form-field--small navds-date__field"
                  >
                    <label
                      class="navds-form-field__label navds-label navds-label--small"
                      for="321"
                    >
                      Til og med
                    </label>
                    <div
                      class="navds-date__field-wrapper"
                    >
                      <input
                        aria-controls="aksel-id-4"
                        aria-invalid="false"
                        autocomplete="off"
                        class="navds-date__field-input navds-text-field__input navds-body-short navds-body-small"
                        id="321"
                        size="14"
                        value=""
                      />
                      <button
                        class="navds-date__field-button"
                        tabindex="0"
                        type="button"
                      >
                        <svg
                          aria-labelledby="title-aksel-icon-2"
                          fill="none"
                          focusable="false"
                          height="1em"
                          pointer-events="none"
                          role="img"
                          viewBox="0 0 24 24"
                          width="1em"
                          xmlns="http://www.w3.org/2000/svg"
                        >
                          <title
                            id="title-aksel-icon-2"
                          >
                            Åpne datovelger
                          </title>
                          <path
                            clip-rule="evenodd"
                            d="M9.75 3a.75.75 0 0 0-1.5 0v1.25H4.5c-.69 0-1.25.56-1.25 1.25v13c0 .69.56 1.25 1.25 1.25h15c.69 0 1.25-.56 1.25-1.25v-13c0-.69-.56-1.25-1.25-1.25h-3.75V3a.75.75 0 0 0-1.5 0v1.25h-4.5V3Zm-5 2.75h3.5V7a.75.75 0 0 0 1.5 0V5.75h4.5V7a.75.75 0 0 0 1.5 0V5.75h3.5v3.5H4.75v-3.5Zm0 5v7.5h14.5v-7.5H4.75Zm2 2.25a.75.75 0 0 1 .75-.75h1a.75.75 0 0 1 0 1.5h-1a.75.75 0 0 1-.75-.75Zm4.75-.75a.75.75 0 0 0 0 1.5h1a.75.75 0 0 0 0-1.5h-1Zm3.25.75a.75.75 0 0 1 .75-.75h1a.75.75 0 0 1 0 1.5h-1a.75.75 0 0 1-.75-.75Zm-3.25 2.25a.75.75 0 0 0 0 1.5h1a.75.75 0 0 0 0-1.5h-1Zm3.25.75a.75.75 0 0 1 .75-.75h1a.75.75 0 0 1 0 1.5h-1a.75.75 0 0 1-.75-.75Zm-7.25-.75a.75.75 0 0 0 0 1.5h1a.75.75 0 0 0 0-1.5h-1Z"
                            fill="currentColor"
                            fill-rule="evenodd"
                          />
                        </svg>
                      </button>
                    </div>
                    <div
                      aria-live="polite"
                      aria-relevant="additions removals"
                      class="navds-form-field__error"
                      id="datepicker-input-error-aksel-id-3"
                    />
                  </div>
                </div>
              </div>
            </div>
          </div>
        </div>
      </div>
    </div>
    <div
      class="row rad"
    />
    <div
      class="row"
    >
      <div
        class="col col-xs-5"
      >
        <fieldset
          class="fieldset"
        >
          <legend
            class="fieldset__legend"
          >
            Skal lovvalget godkjennes?
          </legend>
          <div
            class="skjemaelement"
          >
            <input
              aria-invalid="false"
              class="skjemaelement__input radioknapp"
              id="321"
              name="godkjenn"
              type="radio"
              value="GODKJENT"
            />
            <label
              class="skjemaelement__label"
              for="321"
            >
              Godkjenn
            </label>
          </div>
          <div
            class="skjemaelement"
          >
            <input
              aria-invalid="false"
              class="skjemaelement__input radioknapp"
              id="321"
              name="godkjenn"
              type="radio"
              value="IKKE_GODKJENT"
            />
            <label
              class="skjemaelement__label"
              for="321"
            >
              Ikke godkjenn
            </label>
          </div>
        </fieldset>
      </div>
    </div>
    <div
      class="stegKnapper"
    >
      <button
        class="knapp stegKnapper__bekreft knapp--hoved knapp--mini"
        type="submit"
      >
        Bekreft og fortsett
      </button>
      <button
        class="knapp stegKnapper__tilbake knapp--flat knapp--mini"
        type="button"
      >
        <svg>
          arrow-left-blue.svg
        </svg>
        <span>
          Tilbake
        </span>
      </button>
    </div>
  </form>
</div>
`;
