// Jest Snapshot v1, https://goo.gl/fbAQLP

exports[`fritekstvedleggRow renders correctly 1`] = `
<tr
  className="vedlegg"
>
  <td>
    <a
      className="lenke"
      href="#"
      onClick={[Function]}
    >
      a
    </a>
  </td>
  <td />
  <td
    className="icon--cell"
  >
    <button
      aria-label="Rediger vedlegg"
      className="ikon-knapp ikon-knapp-graa"
      onClick={[Function]}
      title="Rediger vedlegg"
      type="button"
    >
      <svg
        className="ikon"
      >
        pencil-2.svg
      </svg>
    </button>
    <button
      aria-label="Slett vedlegg"
      className="ikon-knapp ikon-knapp-graa"
      onClick={[Function]}
      title="Slett vedlegg"
      type="button"
    >
      <svg
        className="ikon"
      >
        bin-small.svg
      </svg>
    </button>
  </td>
</tr>
`;
