// Jest Snapshot v1, https://goo.gl/fbAQLP

exports[`vedleggRow renders correctly  1`] = `
<tr
  className="vedlegg"
>
  <td>
    <a
      className="lenke"
      href="#"
      onClick={[Function]}
    >
      test
    </a>
  </td>
  <td>
    <span>
      
    </span>
  </td>
  <td
    className="icon--cell"
  >
    <button
      aria-label="Fjern vedlegg"
      className="ikon-knapp ikon-knapp-graa"
      onClick={[MockFunction]}
      title="Fjern vedlegg"
      type="button"
    >
      <svg
        className="ikon"
      >
        bin-small.svg
      </svg>
    </button>
  </td>
</tr>
`;
