// Jest Snapshot v1, https://goo.gl/fbAQLP

exports[`vedleggTable renders correctly 1`] = `
Array [
  <p
    className="typo-element vedleggtable-label"
  >
    a
  </p>,
  <div
    className="vedleggtable"
  >
    <table>
      <tbody>
        <tr
          className="vedlegg"
        >
          <td>
            <a
              className="lenke"
              href="#"
              onClick={[Function]}
            >
              123
            </a>
          </td>
          <td />
          <td
            className="icon--cell"
          >
            <button
              aria-label="Rediger vedlegg"
              className="ikon-knapp ikon-knapp-graa"
              onClick={[Function]}
              title="Rediger vedlegg"
              type="button"
            >
              <svg
                className="ikon"
              >
                pencil-2.svg
              </svg>
            </button>
            <button
              aria-label="Slett vedlegg"
              className="ikon-knapp ikon-knapp-graa"
              onClick={[Function]}
              title="Slett vedlegg"
              type="button"
            >
              <svg
                className="ikon"
              >
                bin-small.svg
              </svg>
            </button>
          </td>
        </tr>
        <tr
          className="vedlegg"
        >
          <td>
            <a
              className="lenke"
              href="#"
              onClick={[Function]}
            >
              test
            </a>
          </td>
          <td>
            <span>
              
            </span>
          </td>
          <td
            className="icon--cell"
          >
            <button
              aria-label="Fjern vedlegg"
              className="ikon-knapp ikon-knapp-graa"
              onClick={[Function]}
              title="Fjern vedlegg"
              type="button"
            >
              <svg
                className="ikon"
              >
                bin-small.svg
              </svg>
            </button>
          </td>
        </tr>
      </tbody>
    </table>
  </div>,
]
`;
