// Vitest Snapshot v1, https://vitest.dev/guide/snapshot.html

exports[`BeregnetTrygdeavgiftDetaljer > snapshot test 1`] = `

<div class="tidligereGrunnlagPanel">
  <table class="aksel-table aksel-table--small periode_tabell">
    <thead class="aksel-table__header header_row">
      <tr
        class="aksel-table__row aksel-table__row--shade-on-hover"
        data-interactive="false"
      >
        <th
          class="aksel-table__header-cell aksel-label aksel-label--small"
          scope="col"
        >
          Trygdeperiode
        </th>
        <th
          class="aksel-table__header-cell aksel-label aksel-label--small"
          scope="col"
        >
          Dekning
        </th>
        <th
          class="aksel-table__header-cell aksel-label aksel-label--small"
          scope="col"
        >
          Inntektskilde
        </th>
        <th
          class="aksel-table__header-cell aksel-label aksel-label--small"
          scope="col"
        >
          Sats
        </th>
        <th
          class="aksel-table__header-cell aksel-label tall_felt aksel-label--small"
          scope="col"
        >
          Avgift md.
        </th>
      </tr>
    </thead>
    <tbody class="aksel-table__body">
      <tr
        class="aksel-table__row border_top aksel-table__row--shade-on-hover"
        data-interactive="false"
      >
        <td class="aksel-table__data-cell aksel-body-short aksel-body-short--small">
          01.01.2023 - 31.12.2023
        </td>
        <td class="aksel-table__data-cell aksel-body-short aksel-body-short--small">
          FULL
        </td>
        <td class="aksel-table__data-cell aksel-body-short aksel-body-short--small">
          ARBEID
        </td>
        <td class="aksel-table__data-cell tall_felt aksel-body-short aksel-body-short--small">
          8.2
        </td>
        <td class="aksel-table__data-cell tall_felt aksel-body-short aksel-body-short--small">
          3&nbsp;417 kr
        </td>
      </tr>
    </tbody>
  </table>
</div>

`;
