// Vitest Snapshot v1, https://vitest.dev/guide/snapshot.html

exports[`SumArsavregningTabell - Toggle Disabled > rendrer riktig med alle mulige data 1`] = `

<div
  style="--__axc-box-background: var(--ax-bg-neutral-soft);"
  class="aksel-box sumArsavregningTabell aksel-box-bg"
>
  <table
    width="500"
    class="aksel-table aksel-table--small periode_tabell"
  >
    <tbody class="aksel-table__body">
      <tr
        class="aksel-table__row aksel-table__row--shade-on-hover"
        data-interactive="false"
      >
        <td
          scope="col"
          class="aksel-table__data-cell aksel-body-short aksel-body-short--small"
        >
        </td>
        <td
          width="400"
          scope="col"
          class="aksel-table__data-cell aksel-body-short aksel-body-short--small"
        >
          Endelig beregnet trygdeavgift
        </td>
        <td class="aksel-table__data-cell aksel-table__data-cell--align-right aksel-body-short aksel-body-short--small">
          50&nbsp;000 kr
        </td>
      </tr>
      <tr
        class="aksel-table__row aksel-table__row--shade-on-hover"
        data-interactive="false"
      >
        <td
          scope="col"
          class="aksel-table__data-cell aksel-body-short aksel-body-short--small"
        >
          -
        </td>
        <td
          scope="col"
          class="aksel-table__data-cell aksel-body-short aksel-body-short--small"
        >
          Tidligere beregnet trygdeavgift
        </td>
        <td class="aksel-table__data-cell aksel-table__data-cell--align-right aksel-body-short aksel-body-short--small">
          20&nbsp;000 kr
        </td>
      </tr>
      <tr
        class="aksel-table__row aksel-table__row--shade-on-hover"
        data-interactive="false"
      >
        <td
          scope="col"
          class="aksel-table__data-cell aksel-body-short aksel-body-short--small"
        >
          +
        </td>
        <td
          scope="col"
          class="aksel-table__data-cell aksel-body-short aksel-body-short--small"
        >
          Tidligere trygdeavgift fra Avgiftssystemet
        </td>
        <td class="aksel-table__data-cell aksel-table__data-cell--align-right aksel-body-short aksel-body-short--small">
          5&nbsp;000 kr
        </td>
      </tr>
      <tr
        class="aksel-table__row aksel-table__row--shade-on-hover"
        data-interactive="false"
      >
        <td
          scope="col"
          class="aksel-table__data-cell aksel-body-short aksel-body-short--small"
        >
          -
        </td>
        <td
          scope="col"
          class="aksel-table__data-cell aksel-body-short aksel-body-short--small"
        >
          Trygdeavgift fra Avgiftssystemet
        </td>
        <td class="aksel-table__data-cell aksel-table__data-cell--align-right aksel-body-short aksel-body-short--small">
          10&nbsp;000 kr
        </td>
      </tr>
      <tr
        class="aksel-table__row aksel-table__row--shade-on-hover"
        data-interactive="false"
      >
        <td
          scope="col"
          class="aksel-table__data-cell aksel-body-short aksel-body-short--small"
        >
          =
        </td>
        <td
          scope="col"
          class="aksel-table__data-cell aksel-body-short aksel-body-short--small"
        >
          Differanse
        </td>
        <td class="aksel-table__data-cell aksel-table__data-cell--align-right aksel-body-short aksel-body-short--small">
          <b>
            25&nbsp;000&nbsp;kr&nbsp;
          </b>
        </td>
      </tr>
    </tbody>
  </table>
</div>

`;
