// Vitest Snapshot v1, https://vitest.dev/guide/snapshot.html

exports[`TidligereGrunnlag > beregning med grunnlag snapshot test 1`] = `

<div>
  <div
    style="--__axc-box-background: var(--ax-bg-neutral-soft);"
    class="aksel-box tidligereGrunnlag aksel-box-bg"
  >
    <h2 class="aarsavregning_seksjon_heading aksel-heading aksel-heading--small">
      Tidligere grunnlag
    </h2>
    <p class="aksel-body-long aksel-body-long--small">
      Brutto årsinntekt:
      <strong>
        500&nbsp;000 kr
      </strong>
    </p>
    <section
      data-color="neutral"
      aria-label="trygdeavgiftdetaljer"
      class="aksel-expansioncard beregnetTrygdeavgiftDetaljer aksel-expansioncard--small"
    >
      <div
        class="aksel-expansioncard__header beregnetTrygdeavgiftDetaljer_header"
        data-open="true"
      >
        <div>
          <h3 class="aksel-expansioncard__title aksel-expansioncard__title--small aksel-heading aksel-heading--small">
            Opplysninger om tidligere beregnet trygdeavgift
          </h3>
        </div>
        <button
          class="aksel-expansioncard__header-button"
          type="button"
          aria-expanded="true"
        >
          <svg
            xmlns="http://www.w3.org/2000/svg"
            width="1em"
            height="1em"
            fill="none"
            viewbox="0 0 24 24"
            focusable="false"
            role="img"
            aria-labelledby="333"
            class="aksel-expansioncard__header-chevron"
          >
            <title id="333">
              Vis mer
            </title>
            <path
              fill="currentColor"
              fill-rule="evenodd"
              d="M5.97 9.47a.75.75 0 0 1 1.06 0L12 14.44l4.97-4.97a.75.75 0 1 1 1.06 1.06l-5.5 5.5a.75.75 0 0 1-1.06 0l-5.5-5.5a.75.75 0 0 1 0-1.06"
              clip-rule="evenodd"
            >
            </path>
          </svg>
        </button>
      </div>
      <div
        aria-hidden="false"
        data-open="true"
        class="aksel-expansioncard__content tidligereGrunnlagAccordion_content aksel-body-long aksel-body-long--small"
      >
        <div
          class="aksel-expansioncard__content-inner"
          data-color="accent"
        >
          <table class="aksel-table aksel-table--small periode_tabell">
            <thead class="aksel-table__header header_row">
              <tr
                class="aksel-table__row aksel-table__row--shade-on-hover"
                data-interactive="false"
              >
                <th
                  class="aksel-table__header-cell aksel-label aksel-label--small"
                  scope="col"
                >
                  Medlemskap
                </th>
                <th
                  class="aksel-table__header-cell aksel-label aksel-label--small"
                  scope="col"
                >
                  Type
                </th>
                <th
                  class="aksel-table__header-cell aksel-label aksel-label--small"
                  scope="col"
                >
                  Bestemmelse
                </th>
                <th
                  class="aksel-table__header-cell aksel-label aksel-label--small"
                  scope="col"
                >
                  Dekning
                </th>
              </tr>
            </thead>
            <tbody class="aksel-table__body">
              <tr
                class="aksel-table__row border_top aksel-table__row--shade-on-hover"
                data-interactive="false"
              >
                <td class="aksel-table__data-cell aksel-body-short aksel-body-short--small">
                  01.01.2023 - 31.12.2023
                </td>
                <td class="aksel-table__data-cell aksel-body-short aksel-body-short--small">
                  Pliktig
                </td>
                <td class="aksel-table__data-cell aksel-body-short aksel-body-short--small">
                </td>
                <td class="aksel-table__data-cell aksel-body-short aksel-body-short--small">
                  Full dekning
                </td>
              </tr>
            </tbody>
          </table>
          <table class="aksel-table aksel-table--small periode_tabell">
            <thead class="aksel-table__header header_row">
              <tr
                class="aksel-table__row aksel-table__row--shade-on-hover"
                data-interactive="false"
              >
                <th
                  class="aksel-table__header-cell aksel-label aksel-label--small"
                  scope="col"
                >
                  Skatteforhold
                </th>
                <th
                  class="aksel-table__header-cell aksel-label aksel-label--small"
                  scope="col"
                >
                  Skattepliktig
                </th>
              </tr>
            </thead>
            <tbody class="aksel-table__body">
              <tr
                class="aksel-table__row border_top aksel-table__row--shade-on-hover"
                data-interactive="false"
              >
                <td class="aksel-table__data-cell aksel-body-short aksel-body-short--small">
                  01.01.2023 - 31.12.2023
                </td>
                <td class="aksel-table__data-cell aksel-body-short aksel-body-short--small">
                  Ja
                </td>
              </tr>
            </tbody>
          </table>
          <div
            style="--__axc-stack-direction-xs: column;"
            class="aksel-stack aksel-vstack aksel-stack-direction"
          >
            <table class="aksel-table aksel-table--small periode_tabell">
              <thead class="aksel-table__header header_row">
                <tr
                  class="aksel-table__row aksel-table__row--shade-on-hover"
                  data-interactive="false"
                >
                  <th
                    class="aksel-table__header-cell aksel-label aksel-label--small"
                    scope="col"
                  >
                    Inntektsperiode
                  </th>
                  <th
                    class="aksel-table__header-cell aksel-label aksel-label--small"
                    scope="col"
                  >
                    Inntektskilde
                  </th>
                  <th
                    class="aksel-table__header-cell aksel-label aksel-label--small"
                    scope="col"
                  >
                    Betales aga.?
                  </th>
                  <th
                    class="aksel-table__header-cell aksel-label tall_felt aksel-label--small"
                    scope="col"
                  >
                    Bruttoinntekt md.
                  </th>
                </tr>
              </thead>
              <tbody class="aksel-table__body">
                <tr
                  class="aksel-table__row border_top aksel-table__row--shade-on-hover"
                  data-interactive="false"
                >
                  <td class="aksel-table__data-cell aksel-body-short aksel-body-short--small">
                    01.01.2023 - 31.12.2023
                  </td>
                  <td class="aksel-table__data-cell aksel-body-short aksel-body-short--small">
                    Arbeidsinntekt
                  </td>
                  <td class="aksel-table__data-cell aksel-body-short aksel-body-short--small">
                    Ja
                  </td>
                  <td class="aksel-table__data-cell tall_felt aksel-body-short aksel-body-short--small">
                    500&nbsp;000 kr
                  </td>
                </tr>
              </tbody>
            </table>
          </div>
          <div class="tidligereGrunnlagPanel">
            <table class="aksel-table aksel-table--small periode_tabell">
              <thead class="aksel-table__header header_row">
                <tr
                  class="aksel-table__row aksel-table__row--shade-on-hover"
                  data-interactive="false"
                >
                  <th
                    class="aksel-table__header-cell aksel-label aksel-label--small"
                    scope="col"
                  >
                    Trygdeperiode
                  </th>
                  <th
                    class="aksel-table__header-cell aksel-label aksel-label--small"
                    scope="col"
                  >
                    Dekning
                  </th>
                  <th
                    class="aksel-table__header-cell aksel-label aksel-label--small"
                    scope="col"
                  >
                    Inntektskilde
                  </th>
                  <th
                    class="aksel-table__header-cell aksel-label aksel-label--small"
                    scope="col"
                  >
                    Sats
                  </th>
                  <th
                    class="aksel-table__header-cell aksel-label tall_felt aksel-label--small"
                    scope="col"
                  >
                    Avgift md.
                  </th>
                </tr>
              </thead>
              <tbody class="aksel-table__body">
                <tr
                  class="aksel-table__row border_top aksel-table__row--shade-on-hover"
                  data-interactive="false"
                >
                  <td class="aksel-table__data-cell aksel-body-short aksel-body-short--small">
                    01.01.2023 - 31.12.2023
                  </td>
                  <td class="aksel-table__data-cell aksel-body-short aksel-body-short--small">
                    Full dekning
                  </td>
                  <td class="aksel-table__data-cell aksel-body-short aksel-body-short--small">
                    Arbeidsinntekt
                  </td>
                  <td class="aksel-table__data-cell tall_felt aksel-body-short aksel-body-short--small">
                    5.1
                  </td>
                  <td class="aksel-table__data-cell tall_felt aksel-body-short aksel-body-short--small">
                    2&nbsp;125 kr
                  </td>
                </tr>
              </tbody>
            </table>
          </div>
        </div>
      </div>
    </section>
  </div>
</div>

`;

exports[`TidligereGrunnlag > manuell beregning snapshot test 1`] = `

<div>
  <div
    style="--__axc-box-background: var(--ax-bg-neutral-soft);"
    class="aksel-box tidligereGrunnlag aksel-box-bg"
  >
    <h2 class="aarsavregning_seksjon_heading aksel-heading aksel-heading--small">
      Tidligere grunnlag
    </h2>
    <p class="aksel-body-long aksel-body-long--small">
      Tidligere beregnet trygdeavgift:
      <strong>
        15&nbsp;000 kr
      </strong>
    </p>
  </div>
</div>

`;
