// Vitest Snapshot v1, https://vitest.dev/guide/snapshot.html

exports[`TidligereGrunnlagsoversikt > renders correctly with complete data 1`] = `

<div class="tidligereGrunnlagPanel">
  <h1 class="navds-heading navds-heading--small">
    Inntekts- og skatteopplysninger for tidligere beregnet trygdeavgift
  </h1>
  <div
    data-test
    id="333"
  >
    Skatteforholdsperioder
  </div>
  <div
    data-test
    id="333"
  >
    Inntektsperioder
  </div>
</div>

`;
