// Vitest Snapshot v1, https://vitest.dev/guide/snapshot.html

exports[`VedtakstypebegrunnelseSkjema > snapshot test 1`] = `
<div>
  <div
    class="melosys-select artikkel navds-form-field navds-form-field--small navds-form-field--readonly navds-select--readonly"
  >
    <label
      class="navds-form-field__label navds-label navds-label--small"
      for="123"
    >
      <svg
        aria-labelledby="title-aksel-icon-1"
        class="navds-form-field__readonly-icon"
        fill="none"
        focusable="false"
        height="1em"
        role="img"
        viewBox="0 0 24 24"
        width="1em"
        xmlns="http://www.w3.org/2000/svg"
      >
        <title
          id="title-aksel-icon-1"
        >
          readonly
        </title>
        <path
          clip-rule="evenodd"
          d="M12 2.25A4.75 4.75 0 0 0 7.25 7v2.25H7A1.75 1.75 0 0 0 5.25 11v9c0 .414.336.75.75.75h12a.75.75 0 0 0 .75-.75v-9A1.75 1.75 0 0 0 17 9.25h-.25V7A4.75 4.75 0 0 0 12 2.25Zm3.25 7V7a3.25 3.25 0 0 0-6.5 0v2.25h6.5ZM12 13a1.5 1.5 0 0 0-.75 2.8V17a.75.75 0 0 0 1.5 0v-1.2A1.5 1.5 0 0 0 12 13Z"
          fill="currentColor"
          fill-rule="evenodd"
        />
      </svg>
      label
    </label>
    <div
      class="navds-select__container"
    >
      <select
        class="navds-select__input navds-body-short navds-body-short--small"
        id="123"
        name="feltNavn"
      >
        <option
          disabled=""
          value=""
        >
          Velg...
        </option>
        <option
          value="FEIL_I_BEHANDLING"
        >
          Det ble gjort feil i tidligere behandling
        </option>
        <option
          value="NYE_OPPLYSNINGER"
        >
          Det er mottatt nye opplysninger i saken
        </option>
      </select>
      <svg
        aria-hidden="true"
        class="navds-select__chevron"
        fill="none"
        focusable="false"
        height="1em"
        role="img"
        viewBox="0 0 24 24"
        width="1em"
        xmlns="http://www.w3.org/2000/svg"
      >
        <path
          clip-rule="evenodd"
          d="M5.97 9.47a.75.75 0 0 1 1.06 0L12 14.44l4.97-4.97a.75.75 0 1 1 1.06 1.06l-5.5 5.5a.75.75 0 0 1-1.06 0l-5.5-5.5a.75.75 0 0 1 0-1.06Z"
          fill="currentColor"
          fill-rule="evenodd"
        />
      </svg>
    </div>
    <div
      aria-live="polite"
      aria-relevant="additions removals"
      class="navds-form-field__error"
      id="select-error-aksel-id-1"
    />
  </div>
</div>
`;
