// Vitest Snapshot v1, https://vitest.dev/guide/snapshot.html

exports[`EnkeltLand > snapshot test 1`] = `

<div>
  <div>
    <div class="melosys-textfield landliste__linje__input aksel-form-field aksel-form-field--small">
      <label
        for="333"
        class="aksel-form-field__label aksel-label aksel-label--small"
      >
        label
      </label>
      <input
        list="333"
        id="333"
        class="aksel-text-field__input aksel-body-short aksel-body-short--small"
        type="text"
        value
      >
      <div
        class="aksel-form-field__error"
        id="333"
        aria-relevant="additions removals"
        aria-live="polite"
      >
      </div>
    </div>
  </div>
</div>

`;
