// Vitest Snapshot v1, https://vitest.dev/guide/snapshot.html

exports[`undertittel > snapshot test 1`] = `

<div>
  <div class="undertittel">
    <h3
      id="333"
      class="undertittel__navUndertittel navds-heading navds-heading--xsmall"
    >
      <svg
        contentscripttype="text/ecmascript"
        width="24"
        xmlns:xlink="http://www.w3.org/1999/xlink"
        zoomandpan="magnify"
        contentstyletype="text/css"
        viewbox="0 0 24 24"
        height="24"
        preserveaspectratio="xMidYMid meet"
        xmlns="http://www.w3.org/2000/svg"
        class="undertittel__ikon"
        role="img"
        focusable="false"
        aria-labelledby="333"
        title="Tekst - undefined"
      >
        <g
          fill="none"
          stroke-miterlimit="10"
          stroke="#3e3832"
          stroke-linejoin="round"
          stroke-linecap="round"
        >
          <path d="M.513.5h23v23h-23zM6.513 5.5h4M3.513 8.5h7M3.513 11.5h7M3.513 14.5h7M3.513 17.5h7M13.513 5.5h7M13.513 8.5h7M13.513 11.5h7M13.513 14.5h7M13.513 17.5h5">
          </path>
        </g>
      </svg>
      <span class="undertittel__tekst">
        Tekst
      </span>
      <span>
      </span>
    </h3>
  </div>
</div>

`;
