// Vitest Snapshot v1, https://vitest.dev/guide/snapshot.html

exports[`SokkelSkipEnkelt > snapshot test 1`] = `

<div>
  <div class="row sokkelSkip__liste__rad">
    <div class="col col-xs-3">
      Dunfjæder
    </div>
    <div class="col col-xs-2">
      <fieldset class="navds-radio-group navds-radio-group--small navds-fieldset navds-fieldset--small">
        <legend class="navds-fieldset__legend navds-sr-only navds-label navds-label--small">
        </legend>
        <div class="navds-radio-buttons">
          <div class="navds-radio navds-radio--small">
            <input
              id="333"
              name="333"
              type="radio"
              aria-labelledby="333"
              class="navds-radio__input"
              value="SOKKEL"
            >
            <label
              for="333"
              class="navds-radio__label"
            >
              <span class="navds-radio__content">
                <span
                  id="333"
                  aria-hidden="true"
                  class="navds-body-short navds-body-short--small"
                >
                  Sokkel
                </span>
              </span>
            </label>
          </div>
          <div class="navds-radio navds-radio--small">
            <input
              id="333"
              name="333"
              type="radio"
              aria-labelledby="333"
              class="navds-radio__input"
              value="SKIP"
              checked
            >
            <label
              for="333"
              class="navds-radio__label"
            >
              <span class="navds-radio__content">
                <span
                  id="333"
                  aria-hidden="true"
                  class="navds-body-short navds-body-short--small"
                >
                  Skip
                </span>
              </span>
            </label>
          </div>
        </div>
        <div
          id="333"
          aria-relevant="additions removals"
          aria-live="polite"
          class="navds-fieldset__error"
        >
        </div>
      </fieldset>
    </div>
    <div class="col col-xs-4">
      <p class="typo-element arbeidsland_label">
        Velg arbeidsland
      </p>
      <fieldset class="navds-radio-group navds-radio-group--small navds-fieldset navds-fieldset--small">
        <legend class="navds-fieldset__legend navds-sr-only navds-label navds-label--small">
        </legend>
        <div class="navds-radio-buttons">
          <div class="navds-radio navds-radio--small">
            <input
              id="333"
              name="333"
              type="radio"
              aria-labelledby="333"
              class="navds-radio__input"
              value="Flaggland"
              checked
            >
            <label
              for="333"
              class="navds-radio__label"
            >
              <span class="navds-radio__content">
                <span
                  id="333"
                  aria-hidden="true"
                  class="navds-body-short navds-body-short--small"
                >
                  Storbritannia - Flaggland
                </span>
              </span>
            </label>
          </div>
          <div class="navds-radio navds-radio--small">
            <input
              id="333"
              name="333"
              type="radio"
              aria-labelledby="333"
              class="navds-radio__input"
              value="Sokkelland"
            >
            <label
              for="333"
              class="navds-radio__label"
            >
              <span class="navds-radio__content">
                <span
                  id="333"
                  aria-hidden="true"
                  class="navds-body-short navds-body-short--small"
                >
                  Storbritannia - Sokkelland
                </span>
              </span>
            </label>
          </div>
          <div class="navds-radio navds-radio--small">
            <input
              id="333"
              name="333"
              type="radio"
              aria-labelledby="333"
              class="navds-radio__input"
              value="Territorialfarvannsland"
            >
            <label
              for="333"
              class="navds-radio__label"
            >
              <span class="navds-radio__content">
                <span
                  id="333"
                  aria-hidden="true"
                  class="navds-body-short navds-body-short--small"
                >
                  Storbritannia - Territorialfarvannsland
                </span>
              </span>
            </label>
          </div>
        </div>
        <div
          id="333"
          aria-relevant="additions removals"
          aria-live="polite"
          class="navds-fieldset__error"
        >
        </div>
      </fieldset>
    </div>
  </div>
</div>

`;
