// Vitest Snapshot v1, https://vitest.dev/guide/snapshot.html

exports[`SokkelSkipEnkelt > snapshot test 1`] = `
<div>
  <div
    class="row sokkelSkip__liste__rad"
  >
    <div
      class="col col-xs-3"
    >
      Dunfjæder
    </div>
    <div
      class="col col-xs-2"
    >
      <fieldset
        class="navds-radio-group navds-radio-group--small navds-fieldset navds-fieldset--small"
      >
        <legend
          class="navds-fieldset__legend navds-sr-only navds-label navds-label--small"
        >
          
        </legend>
        <div
          class="navds-radio-buttons"
        >
          <div
            class="navds-radio navds-radio--small"
          >
            <input
              aria-labelledby="aksel-id-2"
              class="navds-radio__input"
              id="123"
              name="SOKKEL_ELLER_SKIPDunfjæder"
              type="radio"
              value="SOKKEL"
            />
            <label
              class="navds-radio__label"
              for="123"
            >
              <span
                class="navds-radio__content"
              >
                <span
                  aria-hidden="true"
                  class="navds-body-short navds-body-short--small"
                  id="aksel-id-2"
                >
                  Sokkel
                </span>
              </span>
            </label>
          </div>
          <div
            class="navds-radio navds-radio--small"
          >
            <input
              aria-labelledby="aksel-id-5"
              checked=""
              class="navds-radio__input"
              id="123"
              name="SOKKEL_ELLER_SKIPDunfjæder"
              type="radio"
              value="SKIP"
            />
            <label
              class="navds-radio__label"
              for="123"
            >
              <span
                class="navds-radio__content"
              >
                <span
                  aria-hidden="true"
                  class="navds-body-short navds-body-short--small"
                  id="aksel-id-5"
                >
                  Skip
                </span>
              </span>
            </label>
          </div>
        </div>
        <div
          aria-live="polite"
          aria-relevant="additions removals"
          class="navds-fieldset__error"
          id="fieldset-error-aksel-id-7"
        />
      </fieldset>
    </div>
    <div
      class="col col-xs-4"
    >
      <p
        class="typo-element arbeidsland_label"
      >
        Velg arbeidsland
      </p>
      <fieldset
        class="navds-radio-group navds-radio-group--small navds-fieldset navds-fieldset--small"
      >
        <legend
          class="navds-fieldset__legend navds-sr-only navds-label navds-label--small"
        >
          
        </legend>
        <div
          class="navds-radio-buttons"
        >
          <div
            class="navds-radio navds-radio--small"
          >
            <input
              aria-labelledby="aksel-id-10"
              checked=""
              class="navds-radio__input"
              id="123"
              name="123"
              type="radio"
              value="Flaggland"
            />
            <label
              class="navds-radio__label"
              for="123"
            >
              <span
                class="navds-radio__content"
              >
                <span
                  aria-hidden="true"
                  class="navds-body-short navds-body-short--small"
                  id="aksel-id-10"
                >
                  Storbritannia - Flaggland
                </span>
              </span>
            </label>
          </div>
          <div
            class="navds-radio navds-radio--small"
          >
            <input
              aria-labelledby="aksel-id-13"
              class="navds-radio__input"
              id="123"
              name="123"
              type="radio"
              value="Sokkelland"
            />
            <label
              class="navds-radio__label"
              for="123"
            >
              <span
                class="navds-radio__content"
              >
                <span
                  aria-hidden="true"
                  class="navds-body-short navds-body-short--small"
                  id="aksel-id-13"
                >
                  Storbritannia - Sokkelland
                </span>
              </span>
            </label>
          </div>
          <div
            class="navds-radio navds-radio--small"
          >
            <input
              aria-labelledby="aksel-id-16"
              class="navds-radio__input"
              id="123"
              name="123"
              type="radio"
              value="Territorialfarvannsland"
            />
            <label
              class="navds-radio__label"
              for="123"
            >
              <span
                class="navds-radio__content"
              >
                <span
                  aria-hidden="true"
                  class="navds-body-short navds-body-short--small"
                  id="aksel-id-16"
                >
                  Storbritannia - Territorialfarvannsland
                </span>
              </span>
            </label>
          </div>
        </div>
        <div
          aria-live="polite"
          aria-relevant="additions removals"
          class="navds-fieldset__error"
          id="fieldset-error-aksel-id-18"
        />
      </fieldset>
    </div>
  </div>
</div>
`;
