// Vitest Snapshot v1, https://vitest.dev/guide/snapshot.html

exports[`SokkelSkipEnkelt > snapshot test 1`] = `

<div>
  <div class="row sokkelSkip__liste__rad">
    <div class="col col-xs-3">
      Dunfjæder
    </div>
    <div class="col col-xs-2">
      <fieldset
        role="radiogroup"
        aria-labelledby="333"
        class="aksel-radio-group aksel-radio-group--small aksel-fieldset aksel-fieldset--small"
      >
        <legend
          id="333"
          class="aksel-fieldset__legend aksel-label aksel-typo--visually-hidden aksel-label--small"
        >
        </legend>
        <div class="aksel-radio-buttons">
          <div class="aksel-radio aksel-radio--small">
            <input
              id="333"
              class="aksel-radio__input"
              data-standalone="false"
              type="radio"
              value="SOKKEL"
              name="333"
            >
            <label
              for="333"
              class="aksel-radio__label aksel-body-short aksel-body-short--small"
            >
              Sokkel
            </label>
          </div>
          <div class="aksel-radio aksel-radio--small">
            <input
              id="333"
              class="aksel-radio__input"
              data-standalone="false"
              type="radio"
              value="SKIP"
              checked
              name="333"
            >
            <label
              for="333"
              class="aksel-radio__label aksel-body-short aksel-body-short--small"
            >
              Skip
            </label>
          </div>
        </div>
        <div
          id="333"
          aria-relevant="additions removals"
          aria-live="polite"
          class="aksel-fieldset__error"
        >
        </div>
      </fieldset>
    </div>
    <div class="col col-xs-4">
      <p class="arbeidsland_label aksel-body-long aksel-body-long--small aksel-typo--semibold">
        Velg arbeidsland
      </p>
      <fieldset
        role="radiogroup"
        aria-labelledby="333"
        class="aksel-radio-group aksel-radio-group--small aksel-fieldset aksel-fieldset--small"
      >
        <legend
          id="333"
          class="aksel-fieldset__legend aksel-label aksel-typo--visually-hidden aksel-label--small"
        >
        </legend>
        <div class="aksel-radio-buttons">
          <div class="aksel-radio aksel-radio--small">
            <input
              id="333"
              class="aksel-radio__input"
              data-standalone="false"
              type="radio"
              value="Flaggland"
              checked
              name="333"
            >
            <label
              for="333"
              class="aksel-radio__label aksel-body-short aksel-body-short--small"
            >
              Storbritannia - Flaggland
            </label>
          </div>
          <div class="aksel-radio aksel-radio--small">
            <input
              id="333"
              class="aksel-radio__input"
              data-standalone="false"
              type="radio"
              value="Sokkelland"
              name="333"
            >
            <label
              for="333"
              class="aksel-radio__label aksel-body-short aksel-body-short--small"
            >
              Storbritannia - Sokkelland
            </label>
          </div>
          <div class="aksel-radio aksel-radio--small">
            <input
              id="333"
              class="aksel-radio__input"
              data-standalone="false"
              type="radio"
              value="Territorialfarvannsland"
              name="333"
            >
            <label
              for="333"
              class="aksel-radio__label aksel-body-short aksel-body-short--small"
            >
              Storbritannia - Territorialfarvannsland
            </label>
          </div>
        </div>
        <div
          id="333"
          aria-relevant="additions removals"
          aria-live="polite"
          class="aksel-fieldset__error"
        >
        </div>
      </fieldset>
    </div>
  </div>
</div>

`;
