// Vitest Snapshot v1, https://vitest.dev/guide/snapshot.html

exports[`SideMeny > snapshot test 1`] = `

<div>
  <div class="side-meny">
    <div class="side-meny__container">
      <nav aria-labelledby="333">
        <ul class="linkgroup">
          <li class="linkgroup__label">
            <p class="navds-body-long navds-body-long--small">
              Sukker
            </p>
          </li>
          <li>
          </li>
          <li class="meny-link">
            <button
              class="meny-link__button"
              type="button"
            >
              <span class="typo-normal meny-link__label">
                Hvitt sukker
              </span>
            </button>
          </li>
          <li>
          </li>
          <li class="meny-link">
            <button
              class="meny-link__button"
              type="button"
            >
              <span class="typo-normal meny-link__label">
                Brunt sukker
              </span>
            </button>
          </li>
        </ul>
        <ul class="linkgroup">
          <li class="linkgroup__label">
            <p class="navds-body-long navds-body-long--small">
              Salt
            </p>
          </li>
          <li>
          </li>
          <li class="meny-link">
            <button
              class="meny-link__button"
              type="button"
            >
              <span class="typo-normal meny-link__label">
                Bordsalt
              </span>
            </button>
          </li>
        </ul>
      </nav>
    </div>
  </div>
</div>

`;
