// Vitest Snapshot v1, https://vitest.dev/guide/snapshot.html

exports[`Fakturainformasjon > snapshot test 1`] = `
<div>
  <div
    class="fakturainformasjon container-fluid"
  >
    <div>
      <div
        class="row"
      >
        <div
          class="col col-xs-12"
        >
          <div
            class="undertittel persontabell-row__tittel"
          >
            <h3
              class="typo-undertittel undertittel__navUndertittel"
              id="123"
            >
              <span
                class="undertittel__tekst"
              >
                Fakturaserie med saksnummer: MEL-123 behandlingid: 56 
              </span>
              <span />
            </h3>
          </div>
          <div
            class="row"
          >
            <div
              class="col col-xs-4"
            >
              Faktura gjelder
            </div>
            <div
              class="col col-xs-4"
            >
              NAV
            </div>
          </div>
          <div
            class="row"
          >
            <div
              class="col col-xs-4"
            >
              Fødselsnummer
            </div>
            <div
              class="col col-xs-4"
            >
              12345612345
            </div>
          </div>
          <div
            class="row"
          >
            <div
              class="col col-xs-4"
            >
              Intervall
            </div>
            <div
              class="col col-xs-4"
            >
              MANEDLIG
            </div>
          </div>
          <div
            class="row"
          >
            <div
              class="col col-xs-4"
            >
              Referanse for bruker
            </div>
            <div
              class="col col-xs-4"
            >
              Ref. bruker
            </div>
          </div>
          <div
            class="row"
          >
            <div
              class="col col-xs-4"
            >
              Referanse for NAV
            </div>
            <div
              class="col col-xs-4"
            >
              Ref. NAV
            </div>
          </div>
          <div
            class="row"
          >
            <div
              class="col col-xs-4"
            >
              Startdato
            </div>
            <div
              class="col col-xs-4"
            >
              01.06.2023
            </div>
          </div>
          <div
            class="row"
          >
            <div
              class="col col-xs-4"
            >
              Sluttdato
            </div>
            <div
              class="col col-xs-4"
            >
              20.07.2023
            </div>
          </div>
          <div
            class="row"
          >
            <div
              class="col col-xs-4"
            >
              Status
            </div>
            <div
              class="col col-xs-4"
            >
              UNDER_BEHANDLING
            </div>
          </div>
        </div>
      </div>
      <br />
      <div
        class="row"
      >
        <div
          class="col col-xs-12"
        >
          <div
            class="undertittel persontabell-row__tittel"
          >
            <h3
              class="typo-undertittel undertittel__navUndertittel"
              id="123"
            >
              <span
                class="undertittel__tekst"
              >
                Fakturaer
              </span>
              <span />
            </h3>
          </div>
          <div
            class="fakturainformasjon-tabell"
          />
        </div>
      </div>
    </div>
  </div>
</div>
`;
