// Vitest Snapshot v1, https://vitest.dev/guide/snapshot.html

exports[`VurderingArbeidsmonster > snapshot test 1`] = `
<div>
  <div
    class="vurderingArbeidsmonster"
  >
    <h1
      class="stegvelgertittel navds-heading navds-heading--large"
    >
      Arbeidsmønster
    </h1>
    <div
      class="arbeidsmonster"
    >
      <fieldset
        class="fieldset"
      >
        <legend
          class="fieldset__legend"
        />
        <div
          class="marginaltArbeid"
        >
          <div
            class="landliste_innhold"
          >
            <div>
              <b>
                Flere land. Ikke kjent hvilke
              </b>
            </div>
          </div>
        </div>
      </fieldset>
      <div
        class="enkeltAvklartfakta__skjemafelt"
      >
        <div
          class="row"
        >
          <div
            class="col col-xs-12"
          >
            <fieldset
              class="navds-radio-group navds-radio-group--small navds-fieldset navds-fieldset--small"
            >
              <legend
                class="navds-fieldset__legend navds-label navds-label--small"
              >
                Vurder aktivitet
              </legend>
              <div
                class="navds-radio-buttons"
              >
                <div
                  class="navds-radio navds-radio--small"
                >
                  <input
                    aria-labelledby="r3"
                    class="navds-radio__input"
                    id="81c0e173-e04e-4961-836f-5e9b4dc6522f"
                    name="LOENNET_ARBEID_ANTALL_LAND"
                    type="radio"
                    value="NORGE"
                  />
                  <label
                    class="navds-radio__label"
                    for="81c0e173-e04e-4961-836f-5e9b4dc6522f"
                  >
                    <span
                      class="navds-radio__content"
                    >
                      <span
                        aria-hidden="true"
                        class="navds-body-short navds-body-short--small"
                        id="r3"
                      >
                        Lønnet arbeid i Norge og selvstendig virksomhet (13.3)
                      </span>
                    </span>
                  </label>
                </div>
                <div
                  class="navds-radio navds-radio--small"
                >
                  <input
                    aria-labelledby="r6"
                    class="navds-radio__input"
                    id="0a79f7ed-06ab-4dac-b356-8d5091412ff3"
                    name="LOENNET_ARBEID_ANTALL_LAND"
                    type="radio"
                    value="ETT_ANNET_LAND"
                  />
                  <label
                    class="navds-radio__label"
                    for="0a79f7ed-06ab-4dac-b356-8d5091412ff3"
                  >
                    <span
                      class="navds-radio__content"
                    >
                      <span
                        aria-hidden="true"
                        class="navds-body-short navds-body-short--small"
                        id="r6"
                      >
                        Lønnet arbeid i et annet land og selvstendig virksomhet (13.3)
                      </span>
                    </span>
                  </label>
                </div>
                <div
                  class="navds-radio navds-radio--small"
                >
                  <input
                    aria-labelledby="r9"
                    class="navds-radio__input"
                    id="81a24229-6f3e-4426-b2d0-804955ee9245"
                    name="LOENNET_ARBEID_ANTALL_LAND"
                    type="radio"
                    value="FLERE_LAND"
                  />
                  <label
                    class="navds-radio__label"
                    for="81a24229-6f3e-4426-b2d0-804955ee9245"
                  >
                    <span
                      class="navds-radio__content"
                    >
                      <span
                        aria-hidden="true"
                        class="navds-body-short navds-body-short--small"
                        id="r9"
                      >
                        Lønnet arbeid i to eller flere land og selvstendig virksomhet (13.1)
                      </span>
                    </span>
                  </label>
                </div>
              </div>
              <div
                aria-live="polite"
                aria-relevant="additions removals"
                class="navds-fieldset__error"
                id="fieldset-error-r1"
              />
            </fieldset>
          </div>
        </div>
      </div>
      <div
        class="enkeltAvklartfakta__skjemafelt"
      >
        <div
          class="row"
        >
          <div
            class="col col-xs-12"
          >
            <fieldset
              class="navds-radio-group navds-radio-group--small navds-fieldset navds-fieldset--small"
            >
              <legend
                class="navds-fieldset__legend navds-label navds-label--small"
              >
                Vurder aktivitet
              </legend>
              <div
                class="navds-radio-buttons"
              >
                <div
                  class="navds-radio navds-radio--small"
                >
                  <input
                    aria-labelledby="re"
                    class="navds-radio__input"
                    id="f35cd6c0-864e-46c1-8d2b-4ab149f87c86"
                    name="OFFENTLIG_ARBEID_ANTALL_LAND"
                    type="radio"
                    value="NORGE_OG_ANNEN_VIRKSOMHET"
                  />
                  <label
                    class="navds-radio__label"
                    for="f35cd6c0-864e-46c1-8d2b-4ab149f87c86"
                  >
                    <span
                      class="navds-radio__content"
                    >
                      <span
                        aria-hidden="true"
                        class="navds-body-short navds-body-short--small"
                        id="re"
                      >
                        Offentlig tjeneste i Norge og annen virksomhet (13.4)
                      </span>
                    </span>
                  </label>
                </div>
                <div
                  class="navds-radio navds-radio--small"
                >
                  <input
                    aria-labelledby="rh"
                    class="navds-radio__input"
                    id="50ebb4b3-498e-4134-a53c-8a26640c09a8"
                    name="OFFENTLIG_ARBEID_ANTALL_LAND"
                    type="radio"
                    value="ANNET_LAND_OG_ANNEN_VIRKSOMHET"
                  />
                  <label
                    class="navds-radio__label"
                    for="50ebb4b3-498e-4134-a53c-8a26640c09a8"
                  >
                    <span
                      class="navds-radio__content"
                    >
                      <span
                        aria-hidden="true"
                        class="navds-body-short navds-body-short--small"
                        id="rh"
                      >
                        Offentlig tjeneste i et annet land og annen virksomhet (13.4)
                      </span>
                    </span>
                  </label>
                </div>
                <div
                  class="navds-radio navds-radio--small"
                >
                  <input
                    aria-labelledby="rk"
                    class="navds-radio__input"
                    id="abd8ed96-2737-4f30-89a6-f9970c3ed43f"
                    name="OFFENTLIG_ARBEID_ANTALL_LAND"
                    type="radio"
                    value="FLERE_LAND_OG_ANNEN_VIRKSOMHET"
                  />
                  <label
                    class="navds-radio__label"
                    for="abd8ed96-2737-4f30-89a6-f9970c3ed43f"
                  >
                    <span
                      class="navds-radio__content"
                    >
                      <span
                        aria-hidden="true"
                        class="navds-body-short navds-body-short--small"
                        id="rk"
                      >
                        Offentlig tjeneste i to eller flere land og annen virksomhet (13.1)
                      </span>
                    </span>
                  </label>
                </div>
              </div>
              <div
                aria-live="polite"
                aria-relevant="additions removals"
                class="navds-fieldset__error"
                id="fieldset-error-rc"
              />
            </fieldset>
          </div>
        </div>
      </div>
      <div
        class="enkeltAvklartfakta__skjemafelt"
      >
        <div
          class="row"
        >
          <div
            class="col col-xs-12"
          >
            <fieldset
              class="navds-radio-group navds-radio-group--small navds-fieldset navds-fieldset--small"
            >
              <legend
                class="navds-fieldset__legend navds-label navds-label--small"
              >
                Vurdering av vesentlig aktivitet i Norge
              </legend>
              <div
                class="navds-radio-buttons"
              >
                <div
                  class="navds-radio navds-radio--small"
                >
                  <input
                    aria-labelledby="rp"
                    class="navds-radio__input"
                    id="abce5d60-5fb2-4288-bca7-7c3af6ed643e"
                    name="AKTIVITET_I_NORGE"
                    type="radio"
                    value="OVER_25_PROSENT"
                  />
                  <label
                    class="navds-radio__label"
                    for="abce5d60-5fb2-4288-bca7-7c3af6ed643e"
                  >
                    <span
                      class="navds-radio__content"
                    >
                      <span
                        aria-hidden="true"
                        class="navds-body-short navds-body-short--small"
                        id="rp"
                      >
                        25% eller mer
                      </span>
                    </span>
                  </label>
                </div>
                <div
                  class="navds-radio navds-radio--small"
                >
                  <input
                    aria-labelledby="rs"
                    class="navds-radio__input"
                    id="14586fe6-f5f0-4385-bad3-19a4db3138d2"
                    name="AKTIVITET_I_NORGE"
                    type="radio"
                    value="UNDER_25_PROSENT"
                  />
                  <label
                    class="navds-radio__label"
                    for="14586fe6-f5f0-4385-bad3-19a4db3138d2"
                  >
                    <span
                      class="navds-radio__content"
                    >
                      <span
                        aria-hidden="true"
                        class="navds-body-short navds-body-short--small"
                        id="rs"
                      >
                        Mindre enn 25%
                      </span>
                    </span>
                  </label>
                </div>
              </div>
              <div
                aria-live="polite"
                aria-relevant="additions removals"
                class="navds-fieldset__error"
                id="fieldset-error-rn"
              />
            </fieldset>
          </div>
        </div>
      </div>
      <div
        class="stegKnapper"
      >
        <button
          class="stegKnapper__bekreft navds-button navds-button--primary navds-button--small"
        >
          <span
            class="navds-label navds-label--small"
          >
            Bekreft og fortsett
          </span>
        </button>
        <button
          class="stegKnapper__tilbake navds-button navds-button--tertiary navds-button--small"
        >
          <span
            class="navds-button__icon"
          >
            <svg
              fill="none"
              height="14"
              viewBox="0 0 16 14"
              width="16"
              xmlns="http://www.w3.org/2000/svg"
            >
              <path
                clip-rule="evenodd"
                d="M16 7.66732L2.47 7.66732L7.33333 12.6976L6.41697 13.6673L0 7.00065L6.41697 0.333984L7.33333 1.30368L2.47 6.33398L16 6.33398V7.66732Z"
                fill="#0067C5"
                fill-rule="evenodd"
              />
            </svg>
          </span>
          <span
            class="navds-label navds-label--small"
          >
            Tilbake
          </span>
        </button>
      </div>
    </div>
  </div>
</div>
`;
