// Vitest Snapshot v1, https://vitest.dev/guide/snapshot.html

exports[`Skatteforholdsperioder > snapshot test 1`] = `
[
  <div
    className="skatteforholdsperioder__label"
  >
    Oppgi informasjon om brukers skatteforhold
  </div>,
  <div
    className="skatteforholdsperioder"
  >
    <div
      className="row skatteforholdsperioder__overskriftrad"
    >
      <div
        className="col col-xs-3"
      >
        <p
          className="typo-element"
        >
          Fra og med
        </p>
      </div>
      <div
        className="col col-xs-3"
      >
        <p
          className="typo-element"
        >
          Til og med
        </p>
      </div>
      <div
        className="col col-xs-6"
      >
        <p
          className="typo-element"
        >
          Er bruker skattepliktig?
        </p>
      </div>
    </div>
    <div
      className="row"
    >
      <div
        className="col col-xs-3"
      >
        <div
          name="skatteforholdList.0.fomDato"
          onBlur={[Function]}
        >
          <div
            className="datovelger"
          >
            <div
              className="navds-date__wrapper"
            >
              <div
                className="datovelger__input input--fullbredde navds-form-field navds-form-field--small navds-date__field"
              >
                <label
                  className="navds-form-field__label navds-sr-only navds-label navds-label--small"
                  htmlFor="123"
                />
                <div
                  className="navds-date__field-wrapper"
                >
                  <input
                    aria-controls=""
                    autoComplete="off"
                    className="navds-date__field-input navds-text-field__input navds-body-short navds-body-small"
                    disabled={false}
                    id="123"
                    onBlur={[Function]}
                    onChange={[Function]}
                    onFocus={[Function]}
                    size={14}
                    value=""
                  />
                  <button
                    className="navds-date__field-button"
                    onClick={[Function]}
                    tabIndex={0}
                    type="button"
                  >
                    <svg
                      aria-labelledby="title-"
                      fill="none"
                      focusable={false}
                      height="1em"
                      pointerEvents="none"
                      role="img"
                      viewBox="0 0 24 24"
                      width="1em"
                      xmlns="http://www.w3.org/2000/svg"
                    >
                      <title
                        id="title-"
                      >
                        Åpne datovelger
                      </title>
                      <path
                        clipRule="evenodd"
                        d="M9.75 3a.75.75 0 0 0-1.5 0v1.25H4.5c-.69 0-1.25.56-1.25 1.25v13c0 .69.56 1.25 1.25 1.25h15c.69 0 1.25-.56 1.25-1.25v-13c0-.69-.56-1.25-1.25-1.25h-3.75V3a.75.75 0 0 0-1.5 0v1.25h-4.5V3Zm-5 2.75h3.5V7a.75.75 0 0 0 1.5 0V5.75h4.5V7a.75.75 0 0 0 1.5 0V5.75h3.5v3.5H4.75v-3.5Zm0 5v7.5h14.5v-7.5H4.75Zm2 2.25a.75.75 0 0 1 .75-.75h1a.75.75 0 0 1 0 1.5h-1a.75.75 0 0 1-.75-.75Zm4.75-.75a.75.75 0 0 0 0 1.5h1a.75.75 0 0 0 0-1.5h-1Zm3.25.75a.75.75 0 0 1 .75-.75h1a.75.75 0 0 1 0 1.5h-1a.75.75 0 0 1-.75-.75Zm-3.25 2.25a.75.75 0 0 0 0 1.5h1a.75.75 0 0 0 0-1.5h-1Zm3.25.75a.75.75 0 0 1 .75-.75h1a.75.75 0 0 1 0 1.5h-1a.75.75 0 0 1-.75-.75Zm-7.25-.75a.75.75 0 0 0 0 1.5h1a.75.75 0 0 0 0-1.5h-1Z"
                        fill="currentColor"
                        fillRule="evenodd"
                      />
                    </svg>
                  </button>
                </div>
                <div
                  aria-live="polite"
                  aria-relevant="additions removals"
                  className="navds-form-field__error"
                  id="datepicker-input-error-"
                />
              </div>
            </div>
          </div>
        </div>
      </div>
      <div
        className="col col-xs-3"
      >
        <div
          name="skatteforholdList.0.tomDato"
          onBlur={[Function]}
        >
          <div
            className="datovelger"
          >
            <div
              className="navds-date__wrapper"
            >
              <div
                className="datovelger__input input--fullbredde navds-form-field navds-form-field--small navds-date__field"
              >
                <label
                  className="navds-form-field__label navds-sr-only navds-label navds-label--small"
                  htmlFor="123"
                />
                <div
                  className="navds-date__field-wrapper"
                >
                  <input
                    aria-controls=""
                    autoComplete="off"
                    className="navds-date__field-input navds-text-field__input navds-body-short navds-body-small"
                    disabled={false}
                    id="123"
                    onBlur={[Function]}
                    onChange={[Function]}
                    onFocus={[Function]}
                    size={14}
                    value=""
                  />
                  <button
                    className="navds-date__field-button"
                    onClick={[Function]}
                    tabIndex={0}
                    type="button"
                  >
                    <svg
                      aria-labelledby="title-"
                      fill="none"
                      focusable={false}
                      height="1em"
                      pointerEvents="none"
                      role="img"
                      viewBox="0 0 24 24"
                      width="1em"
                      xmlns="http://www.w3.org/2000/svg"
                    >
                      <title
                        id="title-"
                      >
                        Åpne datovelger
                      </title>
                      <path
                        clipRule="evenodd"
                        d="M9.75 3a.75.75 0 0 0-1.5 0v1.25H4.5c-.69 0-1.25.56-1.25 1.25v13c0 .69.56 1.25 1.25 1.25h15c.69 0 1.25-.56 1.25-1.25v-13c0-.69-.56-1.25-1.25-1.25h-3.75V3a.75.75 0 0 0-1.5 0v1.25h-4.5V3Zm-5 2.75h3.5V7a.75.75 0 0 0 1.5 0V5.75h4.5V7a.75.75 0 0 0 1.5 0V5.75h3.5v3.5H4.75v-3.5Zm0 5v7.5h14.5v-7.5H4.75Zm2 2.25a.75.75 0 0 1 .75-.75h1a.75.75 0 0 1 0 1.5h-1a.75.75 0 0 1-.75-.75Zm4.75-.75a.75.75 0 0 0 0 1.5h1a.75.75 0 0 0 0-1.5h-1Zm3.25.75a.75.75 0 0 1 .75-.75h1a.75.75 0 0 1 0 1.5h-1a.75.75 0 0 1-.75-.75Zm-3.25 2.25a.75.75 0 0 0 0 1.5h1a.75.75 0 0 0 0-1.5h-1Zm3.25.75a.75.75 0 0 1 .75-.75h1a.75.75 0 0 1 0 1.5h-1a.75.75 0 0 1-.75-.75Zm-7.25-.75a.75.75 0 0 0 0 1.5h1a.75.75 0 0 0 0-1.5h-1Z"
                        fill="currentColor"
                        fillRule="evenodd"
                      />
                    </svg>
                  </button>
                </div>
                <div
                  aria-live="polite"
                  aria-relevant="additions removals"
                  className="navds-form-field__error"
                  id="datepicker-input-error-"
                />
              </div>
            </div>
          </div>
        </div>
      </div>
      <div
        className="col col-xs-5"
      >
        <div
          className="skjemaelement radioknapp_vertikal"
        >
          <input
            aria-invalid={false}
            checked={false}
            className="skjemaelement__input radioknapp"
            disabled={false}
            id="123"
            name="skatteforholdList.0.skatteplikttype"
            onBlur={[Function]}
            onChange={[Function]}
            type="radio"
            value="SKATTEPLIKTIG"
          />
          <label
            className="skjemaelement__label"
            htmlFor="123"
          >
            Ja
          </label>
        </div>
        <div
          className="skjemaelement radioknapp_vertikal"
        >
          <input
            aria-invalid={false}
            checked={false}
            className="skjemaelement__input radioknapp"
            disabled={false}
            id="123"
            name="skatteforholdList.0.skatteplikttype"
            onBlur={[Function]}
            onChange={[Function]}
            type="radio"
            value="IKKE_SKATTEPLIKTIG"
          />
          <label
            className="skjemaelement__label"
            htmlFor="123"
          >
            Nei
          </label>
        </div>
      </div>
      <div
        className="col col-xs-1"
      >
        <button
          aria-label="Slett skatteforhold"
          className="ikon-knapp"
          onClick={[Function]}
          title="Slett skatteforhold"
          type="button"
        >
          <svg
            className="ikon"
            fill="none"
            height={24}
            viewBox="0 0 22 24"
            width={22}
            xmlns="http://www.w3.org/2000/svg"
          >
            <path
              clipRule="evenodd"
              d="M11 0C13.4189 0 15.4366 1.71767 15.8999 3.99981L22 4V6H20V20C20 22.2091 18.2091 24 16 24H6C3.79086 24 2 22.2091 2 20V6H0V4L6.10006 3.99981C6.5634 1.71767 8.58111 0 11 0ZM8.17004 4H8.66856H8.70601H9.26735H12.7327H13.2598H13.3079H13.829L13.7533 3.80669C13.6245 3.50979 13.449 3.23782 13.2362 3C12.7661 2.47481 12.1137 2.11621 11.3786 2.02365L11.1763 2.00509L11 2C10.1115 2 9.31326 2.38625 8.76394 3C8.54865 3.24054 8.3716 3.51603 8.24235 3.8169L8.17004 4ZM4 6H18V20L17.9945 20.1493C17.9182 21.1841 17.0544 22 16 22H6L5.85074 21.9945C4.81588 21.9182 4 21.0544 4 20V6ZM9 9V19H7V9H9ZM15 9V19H13V9H15Z"
              fill="#0067C5"
              fillRule="evenodd"
            />
          </svg>
        </button>
      </div>
    </div>
    <div
      className="row"
    >
      <div
        className="col col-xs-3"
      >
        <div
          name="skatteforholdList.1.fomDato"
          onBlur={[Function]}
        >
          <div
            className="datovelger"
          >
            <div
              className="navds-date__wrapper"
            >
              <div
                className="datovelger__input input--fullbredde navds-form-field navds-form-field--small navds-date__field"
              >
                <label
                  className="navds-form-field__label navds-sr-only navds-label navds-label--small"
                  htmlFor="123"
                />
                <div
                  className="navds-date__field-wrapper"
                >
                  <input
                    aria-controls=""
                    autoComplete="off"
                    className="navds-date__field-input navds-text-field__input navds-body-short navds-body-small"
                    disabled={false}
                    id="123"
                    onBlur={[Function]}
                    onChange={[Function]}
                    onFocus={[Function]}
                    size={14}
                    value=""
                  />
                  <button
                    className="navds-date__field-button"
                    onClick={[Function]}
                    tabIndex={0}
                    type="button"
                  >
                    <svg
                      aria-labelledby="title-"
                      fill="none"
                      focusable={false}
                      height="1em"
                      pointerEvents="none"
                      role="img"
                      viewBox="0 0 24 24"
                      width="1em"
                      xmlns="http://www.w3.org/2000/svg"
                    >
                      <title
                        id="title-"
                      >
                        Åpne datovelger
                      </title>
                      <path
                        clipRule="evenodd"
                        d="M9.75 3a.75.75 0 0 0-1.5 0v1.25H4.5c-.69 0-1.25.56-1.25 1.25v13c0 .69.56 1.25 1.25 1.25h15c.69 0 1.25-.56 1.25-1.25v-13c0-.69-.56-1.25-1.25-1.25h-3.75V3a.75.75 0 0 0-1.5 0v1.25h-4.5V3Zm-5 2.75h3.5V7a.75.75 0 0 0 1.5 0V5.75h4.5V7a.75.75 0 0 0 1.5 0V5.75h3.5v3.5H4.75v-3.5Zm0 5v7.5h14.5v-7.5H4.75Zm2 2.25a.75.75 0 0 1 .75-.75h1a.75.75 0 0 1 0 1.5h-1a.75.75 0 0 1-.75-.75Zm4.75-.75a.75.75 0 0 0 0 1.5h1a.75.75 0 0 0 0-1.5h-1Zm3.25.75a.75.75 0 0 1 .75-.75h1a.75.75 0 0 1 0 1.5h-1a.75.75 0 0 1-.75-.75Zm-3.25 2.25a.75.75 0 0 0 0 1.5h1a.75.75 0 0 0 0-1.5h-1Zm3.25.75a.75.75 0 0 1 .75-.75h1a.75.75 0 0 1 0 1.5h-1a.75.75 0 0 1-.75-.75Zm-7.25-.75a.75.75 0 0 0 0 1.5h1a.75.75 0 0 0 0-1.5h-1Z"
                        fill="currentColor"
                        fillRule="evenodd"
                      />
                    </svg>
                  </button>
                </div>
                <div
                  aria-live="polite"
                  aria-relevant="additions removals"
                  className="navds-form-field__error"
                  id="datepicker-input-error-"
                />
              </div>
            </div>
          </div>
        </div>
      </div>
      <div
        className="col col-xs-3"
      >
        <div
          name="skatteforholdList.1.tomDato"
          onBlur={[Function]}
        >
          <div
            className="datovelger"
          >
            <div
              className="navds-date__wrapper"
            >
              <div
                className="datovelger__input input--fullbredde navds-form-field navds-form-field--small navds-date__field"
              >
                <label
                  className="navds-form-field__label navds-sr-only navds-label navds-label--small"
                  htmlFor="123"
                />
                <div
                  className="navds-date__field-wrapper"
                >
                  <input
                    aria-controls=""
                    autoComplete="off"
                    className="navds-date__field-input navds-text-field__input navds-body-short navds-body-small"
                    disabled={false}
                    id="123"
                    onBlur={[Function]}
                    onChange={[Function]}
                    onFocus={[Function]}
                    size={14}
                    value=""
                  />
                  <button
                    className="navds-date__field-button"
                    onClick={[Function]}
                    tabIndex={0}
                    type="button"
                  >
                    <svg
                      aria-labelledby="title-"
                      fill="none"
                      focusable={false}
                      height="1em"
                      pointerEvents="none"
                      role="img"
                      viewBox="0 0 24 24"
                      width="1em"
                      xmlns="http://www.w3.org/2000/svg"
                    >
                      <title
                        id="title-"
                      >
                        Åpne datovelger
                      </title>
                      <path
                        clipRule="evenodd"
                        d="M9.75 3a.75.75 0 0 0-1.5 0v1.25H4.5c-.69 0-1.25.56-1.25 1.25v13c0 .69.56 1.25 1.25 1.25h15c.69 0 1.25-.56 1.25-1.25v-13c0-.69-.56-1.25-1.25-1.25h-3.75V3a.75.75 0 0 0-1.5 0v1.25h-4.5V3Zm-5 2.75h3.5V7a.75.75 0 0 0 1.5 0V5.75h4.5V7a.75.75 0 0 0 1.5 0V5.75h3.5v3.5H4.75v-3.5Zm0 5v7.5h14.5v-7.5H4.75Zm2 2.25a.75.75 0 0 1 .75-.75h1a.75.75 0 0 1 0 1.5h-1a.75.75 0 0 1-.75-.75Zm4.75-.75a.75.75 0 0 0 0 1.5h1a.75.75 0 0 0 0-1.5h-1Zm3.25.75a.75.75 0 0 1 .75-.75h1a.75.75 0 0 1 0 1.5h-1a.75.75 0 0 1-.75-.75Zm-3.25 2.25a.75.75 0 0 0 0 1.5h1a.75.75 0 0 0 0-1.5h-1Zm3.25.75a.75.75 0 0 1 .75-.75h1a.75.75 0 0 1 0 1.5h-1a.75.75 0 0 1-.75-.75Zm-7.25-.75a.75.75 0 0 0 0 1.5h1a.75.75 0 0 0 0-1.5h-1Z"
                        fill="currentColor"
                        fillRule="evenodd"
                      />
                    </svg>
                  </button>
                </div>
                <div
                  aria-live="polite"
                  aria-relevant="additions removals"
                  className="navds-form-field__error"
                  id="datepicker-input-error-"
                />
              </div>
            </div>
          </div>
        </div>
      </div>
      <div
        className="col col-xs-5"
      >
        <div
          className="skjemaelement radioknapp_vertikal"
        >
          <input
            aria-invalid={false}
            checked={false}
            className="skjemaelement__input radioknapp"
            disabled={false}
            id="123"
            name="skatteforholdList.1.skatteplikttype"
            onBlur={[Function]}
            onChange={[Function]}
            type="radio"
            value="SKATTEPLIKTIG"
          />
          <label
            className="skjemaelement__label"
            htmlFor="123"
          >
            Ja
          </label>
        </div>
        <div
          className="skjemaelement radioknapp_vertikal"
        >
          <input
            aria-invalid={false}
            checked={false}
            className="skjemaelement__input radioknapp"
            disabled={false}
            id="123"
            name="skatteforholdList.1.skatteplikttype"
            onBlur={[Function]}
            onChange={[Function]}
            type="radio"
            value="IKKE_SKATTEPLIKTIG"
          />
          <label
            className="skjemaelement__label"
            htmlFor="123"
          >
            Nei
          </label>
        </div>
      </div>
      <div
        className="col col-xs-1"
      >
        <button
          aria-label="Slett skatteforhold"
          className="ikon-knapp"
          onClick={[Function]}
          title="Slett skatteforhold"
          type="button"
        >
          <svg
            className="ikon"
            fill="none"
            height={24}
            viewBox="0 0 22 24"
            width={22}
            xmlns="http://www.w3.org/2000/svg"
          >
            <path
              clipRule="evenodd"
              d="M11 0C13.4189 0 15.4366 1.71767 15.8999 3.99981L22 4V6H20V20C20 22.2091 18.2091 24 16 24H6C3.79086 24 2 22.2091 2 20V6H0V4L6.10006 3.99981C6.5634 1.71767 8.58111 0 11 0ZM8.17004 4H8.66856H8.70601H9.26735H12.7327H13.2598H13.3079H13.829L13.7533 3.80669C13.6245 3.50979 13.449 3.23782 13.2362 3C12.7661 2.47481 12.1137 2.11621 11.3786 2.02365L11.1763 2.00509L11 2C10.1115 2 9.31326 2.38625 8.76394 3C8.54865 3.24054 8.3716 3.51603 8.24235 3.8169L8.17004 4ZM4 6H18V20L17.9945 20.1493C17.9182 21.1841 17.0544 22 16 22H6L5.85074 21.9945C4.81588 21.9182 4 21.0544 4 20V6ZM9 9V19H7V9H9ZM15 9V19H13V9H15Z"
              fill="#0067C5"
              fillRule="evenodd"
            />
          </svg>
        </button>
      </div>
    </div>
    <div
      className="row skillestrek"
    >
      <button
        className="lenkeknapp__ikon"
        onClick={[Function]}
        type="button"
      >
        <svg
          className="ikon"
          fill="none"
          height={20}
          viewBox="-1 0 22 23"
          width={20}
          xmlns="http://www.w3.org/2000/svg"
        >
          <path
            clipRule="evenodd"
            d="M10 0C15.5228 0 20 4.47715 20 10C20 15.5228 15.5228 20 10 20C4.47715 20 0 15.5228 0 10C0 4.47715 4.47715 0 10 0ZM10 1.66667C5.39763 1.66667 1.66667 5.39763 1.66667 10C1.66667 14.6024 5.39763 18.3333 10 18.3333C14.6024 18.3333 18.3333 14.6024 18.3333 10C18.3333 5.39763 14.6024 1.66667 10 1.66667ZM10.8333 5V9.16667H15V10.8333H10.8333V15H9.16667V10.8333H5V9.16667H9.16667V5H10.8333Z"
            fill="#0067C5"
            fillRule="evenodd"
          />
        </svg>
        Legg til skatteforhold
      </button>
    </div>
  </div>,
]
`;
