I, [2018-03-02T15:00:59.588562 #10925]  INFO -- : Registered expected interaction GET /api/vurdering/3
D, [2018-03-02T15:00:59.589006 #10925] DEBUG -- : {
  "description": "a request with an valid vurdering object",
  "providerState": "has an vurdering object",
  "request": {
    "method": "GET",
    "path": "/api/vurdering/3"
  },
  "response": {
    "status": 200,
    "headers": {
      "Content-Type": "application/json"
    },
    "body": {
      "behandlingID": {
        "json_class": "Pact::SomethingLike",
        "contents": 3
      },
      "vurdering": {
        "lovvalgsbestemmelser": {
          "json_class": "Pact::ArrayLike",
          "contents": {
            "artikkel": {
              "json_class": "Pact::SomethingLike",
              "contents": "12.1"
            },
            "betingelser": {
              "json_class": "Pact::ArrayLike",
              "contents": {
                "argument": {
                  "json_class": "Pact::SomethingLike",
                  "contents": "Arbeidsgiver har virksomhet i landet arbeidstakeren sendes fra"
                },
                "krav": {
                  "json_class": "Pact::SomethingLike",
                  "contents": "er sann"
                },
                "resultat": {
                  "json_class": "Pact::SomethingLike",
                  "contents": "OPPFYLT"
                }
              },
              "min": 1
            }
          },
          "min": 1
        },
        "feilmeldinger": {
          "json_class": "Pact::ArrayLike",
          "contents": {
            "kategori": {
              "json_class": "Pact::SomethingLike",
              "contents": {
                "alvorlighetsgrad": {
                  "json_class": "Pact::SomethingLike",
                  "contents": "FEIL"
                },
                "beskrivelse": {
                  "json_class": "Pact::SomethingLike",
                  "contents": "Det er implementert delvis maskinell stotte for denne foresporselen."
                }
              }
            },
            "melding": {
              "json_class": "Pact::SomethingLike",
              "contents": "Sokeren kan ikke arbeide på både skip og sokkel."
            }
          },
          "min": 1
        }
      }
    }
  }
}
I, [2018-03-02T15:00:59.591398 #10925]  INFO -- : Received request GET /api/vurdering/3
D, [2018-03-02T15:00:59.591505 #10925] DEBUG -- : {
  "path": "/api/vurdering/3",
  "query": "",
  "method": "get",
  "headers": {
    "Accept": "application/json",
    "Accept-Charset": "UTF-8",
    "Accept-Encoding": "gzip,deflate",
    "User-Agent": "node-fetch/1.0 (+https://github.com/bitinn/node-fetch)",
    "Connection": "close",
    "Host": "localhost:8995",
    "Version": "HTTP/1.1"
  }
}
I, [2018-03-02T15:00:59.591731 #10925]  INFO -- : Found matching response for GET /api/vurdering/3
D, [2018-03-02T15:00:59.591953 #10925] DEBUG -- : {
  "status": 200,
  "headers": {
    "Content-Type": "application/json"
  },
  "body": {
    "behandlingID": {
      "json_class": "Pact::SomethingLike",
      "contents": 3
    },
    "vurdering": {
      "lovvalgsbestemmelser": {
        "json_class": "Pact::ArrayLike",
        "contents": {
          "artikkel": {
            "json_class": "Pact::SomethingLike",
            "contents": "12.1"
          },
          "betingelser": {
            "json_class": "Pact::ArrayLike",
            "contents": {
              "argument": {
                "json_class": "Pact::SomethingLike",
                "contents": "Arbeidsgiver har virksomhet i landet arbeidstakeren sendes fra"
              },
              "krav": {
                "json_class": "Pact::SomethingLike",
                "contents": "er sann"
              },
              "resultat": {
                "json_class": "Pact::SomethingLike",
                "contents": "OPPFYLT"
              }
            },
            "min": 1
          }
        },
        "min": 1
      },
      "feilmeldinger": {
        "json_class": "Pact::ArrayLike",
        "contents": {
          "kategori": {
            "json_class": "Pact::SomethingLike",
            "contents": {
              "alvorlighetsgrad": {
                "json_class": "Pact::SomethingLike",
                "contents": "FEIL"
              },
              "beskrivelse": {
                "json_class": "Pact::SomethingLike",
                "contents": "Det er implementert delvis maskinell stotte for denne foresporselen."
              }
            }
          },
          "melding": {
            "json_class": "Pact::SomethingLike",
            "contents": "Sokeren kan ikke arbeide på både skip og sokkel."
          }
        },
        "min": 1
      }
    }
  }
}
I, [2018-03-02T15:00:59.596882 #10925]  INFO -- : Verifying - interactions matched
I, [2018-03-02T15:00:59.601177 #10925]  INFO -- : Cleared interactions
I, [2018-03-02T15:00:59.606267 #10925]  INFO -- : Merging interactions into pact for melosys-api at /Users/terjekarlsen/Dev/NAV/Github/melosys-web/pacts/melosys-web-melosys-api.json
E, [2018-03-02T15:00:59.618327 #10925] ERROR -- : An interaction with same description ("a request with an valid vurdering object") and provider state ("has an vurdering object") but a different response body has already been used. Please use a different description or provider state, or remove any random data in the interaction.
