// Vitest Snapshot v1, https://vitest.dev/guide/snapshot.html

exports[`Checkbox > snapshot test 1`] = `
<div>
  <div
    class="skjemaelement"
  >
    <input
      aria-invalid="false"
      class="skjemaelement__input checkboks"
      id="123"
      name="test"
      type="checkbox"
      value=""
    />
    <label
      class="skjemaelement__label"
      for="123"
    >
      Label
    </label>
  </div>
</div>
`;
