// Vitest Snapshot v1, https://vitest.dev/guide/snapshot.html

exports[`Input > snapshot test 1`] = `

<div>
  <div class="melosys-textfield  navds-form-field navds-form-field--small">
    <label
      for="333"
      class="navds-form-field__label navds-label navds-label--small"
    >
      test
    </label>
    <input
      name="333"
      meta="[object Object]"
      array="[object Object]"
      form="test"
      navn="Test"
      id="333"
      type="text"
      class="navds-text-field__input navds-body-short navds-body-short--small"
      value
    >
    <div
      class="navds-form-field__error"
      id="333"
      aria-relevant="additions removals"
      aria-live="polite"
    >
    </div>
  </div>
</div>

`;
