// Vitest Snapshot v1, https://vitest.dev/guide/snapshot.html

exports[`Input > snapshot test 1`] = `
<div>
  <div
    class="navds-form-field navds-form-field--small"
  >
    <label
      class="navds-form-field__label navds-label navds-label--small"
      for="123"
    >
      test
    </label>
    <input
      array="[object Object]"
      class="navds-text-field__input navds-body-short navds-body-short--small"
      form="test"
      id="123"
      meta="[object Object]"
      name="Test"
      navn="Test"
      type="text"
      value=""
    />
    <div
      aria-live="polite"
      aria-relevant="additions removals"
      class="navds-form-field__error"
      id="textField-error-aksel-id-1"
    />
  </div>
</div>
`;
