// Vitest Snapshot v1, https://vitest.dev/guide/snapshot.html

exports[`Radio > snapshot test 1`] = `
<div>
  <div
    class="navds-radio navds-radio--medium"
  >
    <input
      aria-labelledby="aksel-id-2"
      array="[object Object]"
      class="navds-radio__input"
      form="test"
      id="1"
      type="radio"
      value=""
    />
    <label
      class="navds-radio__label"
      for="1"
    >
      <span
        class="navds-radio__content"
      >
        <span
          aria-hidden="true"
          class="navds-body-short navds-body-short--medium"
          id="aksel-id-2"
        >
          Test
        </span>
      </span>
    </label>
  </div>
</div>
`;
