// Vitest Snapshot v1, https://vitest.dev/guide/snapshot.html

exports[`VurderingArtikkel13_x_Vedtak > snapshot test 1`] = `
<div>
  <form
    class="vurderingArtikkel13_x_vedtak"
  >
    <h1
      class="stegvelgertittel navds-heading navds-heading--large"
    >
      Omfattet av norsk lovgivning, etter artikkel 13, nr 1, a
    </h1>
    <p
      class="undertittel navds-body-long navds-body-long--small navds-typo--semibold"
    >
      Lovvalgsperiode
    </p>
    <div
      class="row lovvalgsperiode"
    >
      <div
        class="col col-xs-6"
      >
         - 
      </div>
    </div>
    <div>
      <div
        class="row forkortLovvalgsperiode"
      >
        <div
          class="col col-xs-8"
        >
          <div
            class="navds-checkbox navds-checkbox--small"
          >
            <input
              aria-labelledby="r8"
              class="navds-checkbox__input"
              id="031555a4-87a4-4a4d-8a0b-cffe288676da"
              name="forkortLovvalgsperiode"
              type="checkbox"
              value=""
            />
            <label
              class="navds-checkbox__label"
              for="031555a4-87a4-4a4d-8a0b-cffe288676da"
            >
              <span
                class="navds-checkbox__icon"
              >
                <svg
                  aria-hidden="true"
                  fill="none"
                  focusable="false"
                  height="0.625rem"
                  role="img"
                  viewBox="0 0 13 10"
                  width="0.8125rem"
                  xmlns="http://www.w3.org/2000/svg"
                >
                  <path
                    d="M4.03524 6.41478L10.4752 0.404669C11.0792 -0.160351 12.029 -0.130672 12.5955 0.47478C13.162 1.08027 13.1296 2.03007 12.5245 2.59621L5.02111 9.59934C4.74099 9.85904 4.37559 10 4.00025 10C3.60651 10 3.22717 9.84621 2.93914 9.56111L0.439143 7.06111C-0.146381 6.47558 -0.146381 5.52542 0.439143 4.93989C1.02467 4.35437 1.97483 4.35437 2.56036 4.93989L4.03524 6.41478Z"
                    fill="currentColor"
                  />
                </svg>
              </span>
              <span
                class="navds-checkbox__content"
              >
                <span
                  aria-hidden="true"
                  class="navds-checkbox__label-text navds-body-short navds-body-short--small"
                  id="r8"
                >
                  Lovvalget innvilges for en kortere periode
                </span>
              </span>
            </label>
          </div>
        </div>
      </div>
    </div>
    <div
      class="row fritekst"
    >
      <div
        class="col col-xs-8"
      >
        <div
          class="melosys-textarea navds-form-field navds-form-field--small"
        >
          <label
            class="navds-form-field__label navds-label navds-label--small"
            for="textarea-ra"
          >
            Fritekst til begrunnelse
          </label>
          <textarea
            aria-describedby="rb"
            class="navds-textarea__input navds-body-short navds-body-short--small"
            id="textarea-ra"
            name="vedtaksbrevFritekst"
            rows="2"
            style="--__ac-textarea-height: -4px; overflow: hidden;"
            textareaclass="skjemaelement__input input--fullbredde"
          />
          <textarea
            aria-hidden="true"
            class="navds-textarea__input navds-body-short navds-body-short--small"
            readonly=""
            style="visibility: hidden; position: absolute; overflow: hidden; height: 0px; top: 0px; left: 0px; transform: translateZ(0);"
            tabindex="-1"
          />
          <span
            class="navds-sr-only"
            id="rb"
          >
            Tekstområde med plass til 500 tegn.
          </span>
          <p
            class="navds-textarea__counter navds-body-short navds-body-short--small"
          >
            500 tegn igjen
          </p>
          <div
            aria-live="polite"
            aria-relevant="additions removals"
            class="navds-form-field__error"
            id="textarea-error-ra"
          />
        </div>
      </div>
    </div>
    <div
      class="row fritekstSed"
    >
      <div
        class="col col-xs-8"
      >
        <div
          class="melosys-textarea navds-form-field navds-form-field--small"
        >
          <label
            class="navds-form-field__label navds-label navds-label--small"
            for="textarea-rc"
          >
            Ytterligere informasjon til SED (valgfri)
          </label>
          <textarea
            aria-describedby="rd"
            class="navds-textarea__input navds-body-short navds-body-short--small"
            id="textarea-rc"
            name="fritekstSed"
            rows="2"
            style="--__ac-textarea-height: -4px; overflow: hidden;"
            textareaclass="skjemaelement__input input--fullbredde"
          />
          <textarea
            aria-hidden="true"
            class="navds-textarea__input navds-body-short navds-body-short--small"
            readonly=""
            style="visibility: hidden; position: absolute; overflow: hidden; height: 0px; top: 0px; left: 0px; transform: translateZ(0);"
            tabindex="-1"
          />
          <span
            class="navds-sr-only"
            id="rd"
          >
            Tekstområde med plass til 500 tegn.
          </span>
          <p
            class="navds-textarea__counter navds-body-short navds-body-short--small"
          >
            500 tegn igjen
          </p>
          <div
            aria-live="polite"
            aria-relevant="additions removals"
            class="navds-form-field__error"
            id="textarea-error-rc"
          />
        </div>
      </div>
    </div>
    <div
      class="row"
    >
      <div
        class="col col-xs-8"
      />
    </div>
    <div
      class="row"
    >
      <div
        class="col col-xs-8"
      >
        <div
          class="dokumentliste"
        >
          <table
            class="navds-table navds-table--small"
          >
            <thead
              class="navds-table__header"
            >
              <tr
                class="navds-table__row navds-table__row--shade-on-hover"
              >
                <th
                  class="navds-table__header-cell navds-label navds-label--small"
                >
                  Forhåndsvisning av brev
                </th>
                <th
                  class="navds-table__header-cell navds-label navds-label--small"
                >
                  Mottaker
                </th>
              </tr>
            </thead>
            <tbody
              class="navds-table__body"
            >
              <tr
                class="navds-table__row navds-table__row--shade-on-hover"
              >
                <td
                  class="navds-table__data-cell navds-body-short navds-body-short--small"
                >
                  <a
                    class="navds-link navds-link--action"
                    href="#"
                  >
                    Innvilgelse yrkesaktiv i flere land (åpnes i ny fane)
                  </a>
                </td>
                <td
                  class="navds-table__data-cell navds-body-short navds-body-short--small"
                >
                  BRUKER
                </td>
              </tr>
              <tr
                class="navds-table__row navds-table__row--shade-on-hover"
              >
                <td
                  class="navds-table__data-cell navds-body-short navds-body-short--small"
                >
                  <a
                    class="navds-link navds-link--action"
                    href="#"
                  >
                    SED A003 (åpnes i ny fane)
                  </a>
                </td>
                <td
                  class="navds-table__data-cell navds-body-short navds-body-short--small"
                />
              </tr>
            </tbody>
          </table>
        </div>
      </div>
    </div>
    <div
      class="stegKnapper"
    >
      <button
        class="stegKnapper__bekreft navds-button navds-button--primary navds-button--small"
      >
        <span
          class="navds-label navds-label--small"
        >
          Fatt vedtak
        </span>
      </button>
      <button
        class="stegKnapper__tilbake navds-button navds-button--tertiary navds-button--small"
      >
        <span
          class="navds-button__icon"
        >
          <svg
            fill="none"
            height="14"
            viewBox="0 0 16 14"
            width="16"
            xmlns="http://www.w3.org/2000/svg"
          >
            <path
              clip-rule="evenodd"
              d="M16 7.66732L2.47 7.66732L7.33333 12.6976L6.41697 13.6673L0 7.00065L6.41697 0.333984L7.33333 1.30368L2.47 6.33398L16 6.33398V7.66732Z"
              fill="#0067C5"
              fill-rule="evenodd"
            />
          </svg>
        </span>
        <span
          class="navds-label navds-label--small"
        >
          Tilbake
        </span>
      </button>
    </div>
  </form>
</div>
`;
