// Vitest Snapshot v1, https://vitest.dev/guide/snapshot.html

exports[`VurderingArtikkel13_x_Vedtak > snapshot test 1`] = `

<div>
  <form class="vurderingArtikkel13_x_vedtak">
    <h1 class="stegvelgertittel aksel-heading aksel-heading--medium">
      Omfattet av norsk lovgivning, etter artikkel 13, nr 1, a
    </h1>
    <p class="undertittel aksel-body-long aksel-body-long--small aksel-typo--semibold">
      Lovvalgsperiode
    </p>
    <div class="row lovvalgsperiode">
      <div class="col col-xs-6">
        -
      </div>
    </div>
    <div>
      <div class="row forkortLovvalgsperiode">
        <div class="col col-xs-8">
          <div class="aksel-checkbox aksel-checkbox--small">
            <div
              class="aksel-checkbox__input-wrapper"
              data-standalone="false"
            >
              <input
                id="333"
                class="aksel-checkbox__input"
                type="checkbox"
                value
                name="333"
              >
              <svg
                xmlns="http://www.w3.org/2000/svg"
                viewbox="0 0 13 10"
                fill="none"
                focusable="false"
                aria-hidden="true"
                class="aksel-checkbox__icon"
              >
                <path
                  d="M4.03524 6.41478L10.4752 0.404669C11.0792 -0.160351 12.029 -0.130672 12.5955 0.47478C13.162 1.08027 13.1296 2.03007 12.5245 2.59621L5.02111 9.59934C4.74099 9.85904 4.37559 10 4.00025 10C3.60651 10 3.22717 9.84621 2.93914 9.56111L0.439143 7.06111C-0.146381 6.47558 -0.146381 5.52542 0.439143 4.93989C1.02467 4.35437 1.97483 4.35437 2.56036 4.93989L4.03524 6.41478Z"
                  fill="currentColor"
                >
                </path>
              </svg>
            </div>
            <label
              for="333"
              class="aksel-checkbox__label aksel-body-short aksel-body-short--small"
            >
              Lovvalget innvilges for en kortere periode
            </label>
          </div>
        </div>
      </div>
    </div>
    <div class="row fritekst">
      <div class="col col-xs-8">
        <div class="melosys-textarea aksel-form-field aksel-form-field--small">
          <label
            for="333"
            class="aksel-form-field__label aksel-label aksel-label--small"
          >
            Fritekst til begrunnelse
          </label>
          <textarea
            rows="2"
            style="--__axc-textarea-height: auto; overflow: hidden;"
            textareaclass="skjemaelement__input input--fullbredde"
            name="333"
            id="333"
            aria-describedby="333"
            class="aksel-textarea__input aksel-body-short aksel-body-short--small"
          >
          </textarea>
          <textarea
            aria-hidden="true"
            class="aksel-textarea__input aksel-body-short aksel-body-short--small"
            readonly
            tabindex="-1"
            style="visibility: hidden; position: absolute; overflow: hidden; height: 0px; top: 0px; left: 0px; transform: translateZ(0); width: auto;"
          >
          </textarea>
          <span
            id="333"
            class="aksel-sr-only"
          >
            Tekstområde med plass til 4000 tegn.
          </span>
          <p class="aksel-textarea__counter aksel-body-short aksel-body-short--small">
            4000 tegn igjen
          </p>
          <div
            class="aksel-form-field__error"
            id="333"
            aria-relevant="additions removals"
            aria-live="polite"
          >
          </div>
        </div>
      </div>
    </div>
    <div class="row fritekstSed">
      <div class="col col-xs-8">
        <div class="melosys-textarea aksel-form-field aksel-form-field--small">
          <label
            for="333"
            class="aksel-form-field__label aksel-label aksel-label--small"
          >
            Ytterligere informasjon til SED (valgfri)
          </label>
          <textarea
            rows="2"
            style="--__axc-textarea-height: auto; overflow: hidden;"
            textareaclass="skjemaelement__input input--fullbredde"
            name="333"
            id="333"
            aria-describedby="333"
            class="aksel-textarea__input aksel-body-short aksel-body-short--small"
          >
          </textarea>
          <textarea
            aria-hidden="true"
            class="aksel-textarea__input aksel-body-short aksel-body-short--small"
            readonly
            tabindex="-1"
            style="visibility: hidden; position: absolute; overflow: hidden; height: 0px; top: 0px; left: 0px; transform: translateZ(0); width: auto;"
          >
          </textarea>
          <span
            id="333"
            class="aksel-sr-only"
          >
            Tekstområde med plass til 500 tegn.
          </span>
          <p class="aksel-textarea__counter aksel-body-short aksel-body-short--small">
            500 tegn igjen
          </p>
          <div
            class="aksel-form-field__error"
            id="333"
            aria-relevant="additions removals"
            aria-live="polite"
          >
          </div>
        </div>
      </div>
    </div>
    <div class="row">
      <div class="col col-xs-8">
      </div>
    </div>
    <div class="row">
      <div class="col col-xs-8">
        <div class="dokumentliste ">
          <table class="aksel-table aksel-table--small">
            <thead class="aksel-table__header">
              <tr
                class="aksel-table__row aksel-table__row--shade-on-hover"
                data-interactive="false"
              >
                <th class="aksel-table__header-cell aksel-label aksel-label--small">
                  Forhåndsvisning av brev
                </th>
                <th class="aksel-table__header-cell aksel-label aksel-label--small">
                  Mottaker
                </th>
              </tr>
            </thead>
            <tbody class="aksel-table__body">
              <tr
                class="aksel-table__row aksel-table__row--shade-on-hover"
                data-interactive="false"
              >
                <td class="aksel-table__data-cell aksel-body-short aksel-body-short--small">
                  <a
                    href="#"
                    title="Åpnes i ny fane"
                    aria-label="Åpnes i ny fane"
                    class="aksel-link"
                  >
                    Innvilgelse yrkesaktiv i flere land
                    <svg
                      width="24"
                      height="24"
                      viewbox="0 0 24 24"
                      fill="none"
                      xmlns="http://www.w3.org/2000/svg"
                    >
                      <path
                        fill-rule="evenodd"
                        clip-rule="evenodd"
                        d="M20.5857 2H14V0H24V10H22V3.41417L10.7071 14.7071L9.29285 13.2929L20.5857 2ZM0 5C0 3.89543 0.895431 3 2 3H10.5V5L2 5V22H19V13.5H21V22C21 23.1046 20.1046 24 19 24H2C0.895429 24 0 23.1046 0 22V5Z"
                        fill="#0067C5"
                      >
                      </path>
                    </svg>
                  </a>
                </td>
                <td class="aksel-table__data-cell aksel-body-short aksel-body-short--small">
                  BRUKER
                </td>
              </tr>
              <tr
                class="aksel-table__row aksel-table__row--shade-on-hover"
                data-interactive="false"
              >
                <td class="aksel-table__data-cell aksel-body-short aksel-body-short--small">
                  <a
                    href="#"
                    title="Åpnes i ny fane"
                    aria-label="Åpnes i ny fane"
                    class="aksel-link"
                  >
                    SED A003
                    <svg
                      width="24"
                      height="24"
                      viewbox="0 0 24 24"
                      fill="none"
                      xmlns="http://www.w3.org/2000/svg"
                    >
                      <path
                        fill-rule="evenodd"
                        clip-rule="evenodd"
                        d="M20.5857 2H14V0H24V10H22V3.41417L10.7071 14.7071L9.29285 13.2929L20.5857 2ZM0 5C0 3.89543 0.895431 3 2 3H10.5V5L2 5V22H19V13.5H21V22C21 23.1046 20.1046 24 19 24H2C0.895429 24 0 23.1046 0 22V5Z"
                        fill="#0067C5"
                      >
                      </path>
                    </svg>
                  </a>
                </td>
                <td class="aksel-table__data-cell aksel-body-short aksel-body-short--small">
                </td>
              </tr>
            </tbody>
          </table>
        </div>
      </div>
    </div>
    <div class="stegKnapper">
      <button
        data-variant="primary"
        class="stegKnapper__bekreft aksel-button aksel-button--small"
      >
        <span class="aksel-label aksel-label--small">
          Fatt vedtak
        </span>
      </button>
      <button
        data-variant="tertiary"
        class="stegKnapper__tilbake aksel-button aksel-button--small"
      >
        <span class="aksel-button__icon">
          <svg
            width="16"
            height="14"
            viewbox="0 0 16 14"
            fill="none"
            xmlns="http://www.w3.org/2000/svg"
          >
            <path
              fill-rule="evenodd"
              clip-rule="evenodd"
              d="M16 7.66732L2.47 7.66732L7.33333 12.6976L6.41697 13.6673L0 7.00065L6.41697 0.333984L7.33333 1.30368L2.47 6.33398L16 6.33398V7.66732Z"
              fill="#0067C5"
            >
            </path>
          </svg>
        </span>
        <span class="aksel-label aksel-label--small">
          Tilbake
        </span>
      </button>
    </div>
  </form>
</div>

`;
