// Vitest Snapshot v1, https://vitest.dev/guide/snapshot.html

exports[`VurderingArtikkel13_x_Vedtak > snapshot test 1`] = `
<div>
  <form
    class="vurderingArtikkel13_x_vedtak"
  >
    <h1
      class="typo-innholdstittel stegvelgertittel"
    >
      Omfattet av norsk lovgivning, etter artikkel 13, nr 1, a
    </h1>
    <p
      class="typo-element undertittel"
    >
      Søknadsperiode
    </p>
    <div
      class="row lovvalgsperiode"
    >
      <div
        class="col col-xs-6"
      >
        
         - 
        
      </div>
    </div>
    <div>
      <div
        class="row forkortLovvalgsperiode"
      >
        <div
          class="col col-xs-8"
        >
          <div
            class="skjemaelement"
          >
            <input
              aria-invalid="false"
              class="skjemaelement__input checkboks"
              id="123"
              name="forkortLovvalgsperiode"
              type="checkbox"
              value=""
            />
            <label
              class="skjemaelement__label"
              for="123"
            >
              Lovvalget innvilges for en kortere periode
            </label>
          </div>
        </div>
      </div>
    </div>
    <div
      class="row fritekst"
    >
      <div
        class="col col-xs-8"
      >
        <div
          class="skjemaelement textarea__container"
        >
          <label
            class="skjemaelement__label"
            for="123"
          >
            Fritekst til vedtaksbrev
          </label>
          
          <div
            class="textarea--medMeta__wrapper"
          >
            <span
              class="sr-only"
              id="126157710-6898-5322-18822-3427265696568"
            >
              Tekstområde med plass til 
              20
               tegn.
            </span>
            <textarea
              aria-describedby="126157710-6898-5322-18822-3427265696568"
              aria-invalid="false"
              class="skjemaelement__input input--fullbredde skjemaelement__input textarea--medMeta"
              id="123"
              name="vedtaksbrevFritekst"
              placeholder="Skriv inn tekst til vedtaksbrevet..."
              spellcheck="true"
              style="height: 30px;"
            />
            <p
              class="textarea--medMeta__teller"
            />
          </div>
          <div
            aria-hidden="true"
            class="textareamirror"
          />
        </div>
      </div>
    </div>
    <div
      class="row fritekstSed"
    >
      <div
        class="col col-xs-8"
      >
        <div
          class="skjemaelement textarea__container"
        >
          <label
            class="skjemaelement__label"
            for="123"
          >
            Ytterligere informasjon til SED (valgfri)
          </label>
          
          <div
            class="textarea--medMeta__wrapper"
          >
            <span
              class="sr-only"
              id="174309089-10334-10499-22062-14534186297338"
            >
              Tekstområde med plass til 
              20
               tegn.
            </span>
            <textarea
              aria-describedby="174309089-10334-10499-22062-14534186297338"
              aria-invalid="false"
              class="skjemaelement__input input--fullbredde skjemaelement__input textarea--medMeta"
              id="123"
              name="fritekstSed"
              spellcheck="true"
              style="height: 30px;"
            />
            <p
              class="textarea--medMeta__teller"
            >
              <span>
                Du har 500 tegn igjen.
              </span>
            </p>
          </div>
          <div
            aria-hidden="true"
            class="textareamirror"
          />
        </div>
      </div>
    </div>
    <div
      class="row"
    >
      <div
        class="col col-xs-8"
      />
    </div>
    <div
      class="row"
    >
      <div
        class="col col-xs-8"
      >
        <div>
          <table
            class="navds-table navds-table--small"
          >
            <thead
              class="navds-table__header"
            >
              <tr
                class="navds-table__row navds-table__row--shade-on-hover"
              >
                <th
                  class="navds-table__header-cell navds-label navds-label--small"
                >
                  Forhåndsvisning av brev
                </th>
                <th
                  class="navds-table__header-cell navds-label navds-label--small"
                >
                  Mottaker
                </th>
              </tr>
            </thead>
            <tbody
              class="navds-table__body"
            >
              <tr
                class="navds-table__row navds-table__row--shade-on-hover"
              >
                <td
                  class="navds-table__data-cell navds-body-short navds-body-short--small"
                >
                  <a
                    class="lenke"
                    href="#"
                  >
                    Innvilgelse yrkesaktiv i flere land (åpnes i ny fane)
                  </a>
                </td>
                <td
                  class="navds-table__data-cell navds-body-short navds-body-short--small"
                >
                  BRUKER
                </td>
              </tr>
              <tr
                class="navds-table__row navds-table__row--shade-on-hover"
              >
                <td
                  class="navds-table__data-cell navds-body-short navds-body-short--small"
                >
                  <a
                    class="lenke"
                    href="#"
                  >
                    SED A003 (åpnes i ny fane)
                  </a>
                </td>
                <td
                  class="navds-table__data-cell navds-body-short navds-body-short--small"
                />
              </tr>
            </tbody>
          </table>
        </div>
      </div>
    </div>
    <div
      class="stegKnapper"
    >
      <button
        class="knapp stegKnapper__bekreft knapp--hoved knapp--mini"
        type="submit"
      >
        Fatt vedtak
      </button>
      <button
        class="knapp stegKnapper__tilbake knapp--flat knapp--mini"
        type="button"
      >
        <svg
          fill="none"
          height="14"
          viewBox="0 0 16 14"
          width="16"
          xmlns="http://www.w3.org/2000/svg"
        >
          <path
            clip-rule="evenodd"
            d="M16 7.66732L2.47 7.66732L7.33333 12.6976L6.41697 13.6673L0 7.00065L6.41697 0.333984L7.33333 1.30368L2.47 6.33398L16 6.33398V7.66732Z"
            fill="#0067C5"
            fill-rule="evenodd"
          />
        </svg>
        <span>
          Tilbake
        </span>
      </button>
    </div>
  </form>
</div>
`;
