// Vitest Snapshot v1, https://vitest.dev/guide/snapshot.html

exports[`VurderingAarsavreging > VurderingAarsavregning > snapshot test 1`] = `

<div>
  <div class="vurderingAarsavregning">
    <h1 class="stegvelgertittel navds-heading navds-heading--large">
      Årsavregning
    </h1>
    <fieldset class="fieldset select">
      <legend class="fieldset__legend">
        <div class="labelMedHjelpetekst__wrapper">
          <span>
            <b>
              År
            </b>
          </span>
        </div>
      </legend>
      <div class="row">
        <div class="col col-xs-4">
          <div class="navds-form-field navds-form-field--small">
            <label
              for="333"
              class="navds-form-field__label navds-label navds-label--small"
            >
            </label>
            <div class="navds-select__container">
              <select
                id="333"
                class="navds-select__input navds-body-short navds-body-short--small"
              >
                <option
                  value
                  disabled
                >
                  Velg...
                </option>
                <option value="2023">
                  2023
                </option>
                <option value="2022">
                  2022
                </option>
                <option value="2021">
                  2021
                </option>
                <option value="2020">
                  2020
                </option>
                <option value="2019">
                  2019
                </option>
                <option value="2018">
                  2018
                </option>
              </select>
              <svg
                width="1em"
                height="1em"
                viewbox="0 0 24 24"
                fill="none"
                xmlns="http://www.w3.org/2000/svg"
                focusable="false"
                role="img"
                class="navds-select__chevron"
                aria-hidden="true"
              >
                <path
                  fill-rule="evenodd"
                  clip-rule="evenodd"
                  d="M5.97 9.47a.75.75 0 0 1 1.06 0L12 14.44l4.97-4.97a.75.75 0 1 1 1.06 1.06l-5.5 5.5a.75.75 0 0 1-1.06 0l-5.5-5.5a.75.75 0 0 1 0-1.06Z"
                  fill="currentColor"
                >
                </path>
              </svg>
            </div>
            <div
              class="navds-form-field__error"
              id="333"
              aria-relevant="additions removals"
              aria-live="polite"
            >
            </div>
          </div>
        </div>
      </div>
    </fieldset>
    <button class="navds-button navds-button--primary navds-button--small">
      <span class="navds-label navds-label--small">
        Bekreft og fortsett
      </span>
    </button>
  </div>
</div>

`;
