// Vitest Snapshot v1, https://vitest.dev/guide/snapshot.html

exports[`SideDialogNotater > snapshot test 1`] = `
<div>
  <div
    class="panel"
  >
    <div>
      <button
        class="navds-button navds-button--primary navds-button--small"
      >
        <span
          class="navds-label navds-label--small"
        >
          Legg til nytt notat
        </span>
      </button>
    </div>
  </div>
</div>
`;
