// Vitest Snapshot v1, https://vitest.dev/guide/snapshot.html

exports[`SideDialogNotater > snapshot test 1`] = `

<div>
  <div class="panel">
    <div>
      <button
        data-variant="primary"
        class="aksel-button aksel-button--small"
      >
        <span class="aksel-label aksel-label--small">
          Legg til nytt notat
        </span>
      </button>
    </div>
  </div>
</div>

`;
