// Vitest Snapshot v1, https://vitest.dev/guide/snapshot.html

exports[`VurderingArtikkel16MottaSvar > snapshot test 1`] = `

<div>
  <div class="vurderingArtikkel16MottaSvar">
    <h1 class="typo-innholdstittel stegvelgertittel">
      Svar på anmodning om unntak, etter artikkel 16, nr. 1
    </h1>
    <div class="row">
      <div class="col col-xs-4">
        <p class="typo-element">
          Land
        </p>
        <p class="typo-normal">
        </p>
      </div>
    </div>
    <div class="row">
      <div class="col col-xs-12">
        <p class="typo-element">
          Søknadsperiode
        </p>
      </div>
      <div class="col soknadsperiode__innhold col-xs-12">
        <time datetime="2024-03-12">
          12.03.2024
        </time>
        &nbsp;-&nbsp;
        <time datetime="2024-03-31">
          31.03.2024
        </time>
        <p class="typo-normal">
          0 måneder og 20 dager
        </p>
      </div>
    </div>
    <form
      name="333"
      id="333"
    >
      <div class="row svarFraMyndighetRow">
        <div class="col col-xs-6">
          <fieldset
            id="333"
            class="navds-radio-group navds-radio-group--small navds-fieldset navds-fieldset--small"
          >
            <legend class="navds-fieldset__legend navds-label navds-label--small">
              Svar fra myndighetene
            </legend>
            <div class="navds-radio-buttons">
              <div class="navds-radio navds-radio--small">
                <input
                  id="333"
                  name="333"
                  type="radio"
                  aria-labelledby="333"
                  class="navds-radio__input"
                  value="INNVILGELSE"
                  checked
                >
                <label
                  for="333"
                  class="navds-radio__label"
                >
                  <span class="navds-radio__content">
                    <span
                      id="333"
                      aria-hidden="true"
                      class="navds-body-short navds-body-short--small"
                    >
                      Innvilgelse
                    </span>
                  </span>
                </label>
              </div>
              <div class="navds-radio navds-radio--small">
                <input
                  id="333"
                  name="333"
                  type="radio"
                  aria-labelledby="333"
                  class="navds-radio__input"
                  value="DELVIS_INNVILGELSE"
                >
                <label
                  for="333"
                  class="navds-radio__label"
                >
                  <span class="navds-radio__content">
                    <span
                      id="333"
                      aria-hidden="true"
                      class="navds-body-short navds-body-short--small"
                    >
                      Delvis innvilgelse
                    </span>
                  </span>
                </label>
              </div>
              <div class="navds-radio navds-radio--small">
                <input
                  id="333"
                  name="333"
                  type="radio"
                  aria-labelledby="333"
                  class="navds-radio__input"
                  value="AVSLAG"
                >
                <label
                  for="333"
                  class="navds-radio__label"
                >
                  <span class="navds-radio__content">
                    <span
                      id="333"
                      aria-hidden="true"
                      class="navds-body-short navds-body-short--small"
                    >
                      Avslag
                    </span>
                  </span>
                </label>
              </div>
            </div>
            <div
              id="333"
              aria-relevant="additions removals"
              aria-live="polite"
              class="navds-fieldset__error"
            >
            </div>
          </fieldset>
        </div>
      </div>
    </form>
    <div class="stegKnapper">
      <button
        class="stegKnapper__bekreft navds-button navds-button--primary navds-button--small navds-button--disabled"
        disabled
      >
        <span class="navds-label navds-label--small">
          Bekreft og fortsett
        </span>
      </button>
      <button class="stegKnapper__tilbake navds-button navds-button--tertiary navds-button--small">
        <span class="navds-button__icon">
          <svg
            width="16"
            height="14"
            viewbox="0 0 16 14"
            fill="none"
            xmlns="http://www.w3.org/2000/svg"
          >
            <path
              fill-rule="evenodd"
              clip-rule="evenodd"
              d="M16 7.66732L2.47 7.66732L7.33333 12.6976L6.41697 13.6673L0 7.00065L6.41697 0.333984L7.33333 1.30368L2.47 6.33398L16 6.33398V7.66732Z"
              fill="#0067C5"
            >
            </path>
          </svg>
        </span>
        <span class="navds-label navds-label--small">
          Tilbake
        </span>
      </button>
    </div>
  </div>
</div>

`;
