// Vitest Snapshot v1, https://vitest.dev/guide/snapshot.html

exports[`VurderingArtikkel16MottaSvar > snapshot test 1`] = `

<div>
  <div class="vurderingArtikkel16MottaSvar">
    <h1 class="stegvelgertittel aksel-heading aksel-heading--medium">
      Svar på anmodning om unntak
    </h1>
    <div class="row">
      <div class="col col-xs-4">
        <p class="aksel-body-long aksel-body-long--small aksel-typo--semibold">
          Land
        </p>
        <p class="aksel-body-long aksel-body-long--small">
        </p>
      </div>
    </div>
    <div class="row">
      <div class="col col-xs-12">
        <p class="aksel-body-long aksel-body-long--small aksel-typo--semibold">
          Søknadsperiode
        </p>
      </div>
      <div class="col soknadsperiode__innhold col-xs-12">
        <time datetime="2024-03-12">
          12.03.2024
        </time>
        &nbsp;-&nbsp;
        <time datetime="2024-03-31">
          31.03.2024
        </time>
        <p class="aksel-body-long aksel-body-long--small">
          0 måneder og 20 dager
        </p>
      </div>
    </div>
    <form
      name="333"
      id="333"
    >
      <div class="row svarFraMyndighetRow">
        <div class="col col-xs-6">
          <fieldset
            role="radiogroup"
            id="333"
            aria-labelledby="333"
            class="aksel-radio-group aksel-radio-group--small aksel-fieldset aksel-fieldset--small"
          >
            <legend
              id="333"
              class="aksel-fieldset__legend aksel-label aksel-label--small"
            >
              Svar fra myndighetene
            </legend>
            <div class="aksel-radio-buttons">
              <div class="aksel-radio aksel-radio--small">
                <input
                  id="333"
                  class="aksel-radio__input"
                  data-standalone="false"
                  type="radio"
                  value="INNVILGELSE"
                  checked
                  name="333"
                >
                <label
                  for="333"
                  class="aksel-radio__label aksel-body-short aksel-body-short--small"
                >
                  Innvilgelse
                </label>
              </div>
              <div class="aksel-radio aksel-radio--small">
                <input
                  id="333"
                  class="aksel-radio__input"
                  data-standalone="false"
                  type="radio"
                  value="DELVIS_INNVILGELSE"
                  name="333"
                >
                <label
                  for="333"
                  class="aksel-radio__label aksel-body-short aksel-body-short--small"
                >
                  Delvis innvilgelse
                </label>
              </div>
              <div class="aksel-radio aksel-radio--small">
                <input
                  id="333"
                  class="aksel-radio__input"
                  data-standalone="false"
                  type="radio"
                  value="AVSLAG"
                  name="333"
                >
                <label
                  for="333"
                  class="aksel-radio__label aksel-body-short aksel-body-short--small"
                >
                  Avslag
                </label>
              </div>
            </div>
            <div
              id="333"
              aria-relevant="additions removals"
              aria-live="polite"
              class="aksel-fieldset__error"
            >
            </div>
          </fieldset>
        </div>
      </div>
    </form>
    <div class="stegKnapper">
      <button
        data-variant="primary"
        class="stegKnapper__bekreft aksel-button aksel-button--small aksel-button--disabled"
        disabled
      >
        <span class="aksel-label aksel-label--small">
          Bekreft og fortsett
        </span>
      </button>
      <button
        data-variant="tertiary"
        class="stegKnapper__tilbake aksel-button aksel-button--small"
      >
        <span class="aksel-button__icon">
          <svg
            width="16"
            height="14"
            viewbox="0 0 16 14"
            fill="none"
            xmlns="http://www.w3.org/2000/svg"
          >
            <path
              fill-rule="evenodd"
              clip-rule="evenodd"
              d="M16 7.66732L2.47 7.66732L7.33333 12.6976L6.41697 13.6673L0 7.00065L6.41697 0.333984L7.33333 1.30368L2.47 6.33398L16 6.33398V7.66732Z"
              fill="#0067C5"
            >
            </path>
          </svg>
        </span>
        <span class="aksel-label aksel-label--small">
          Tilbake
        </span>
      </button>
    </div>
  </div>
</div>

`;
