// Vitest Snapshot v1, https://vitest.dev/guide/snapshot.html

exports[`brukernavnskjema > snapshot test 1`] = `

<div>
  <div class="brukerNavnSkjema">
    <div class="melosys-textfield brukerNavnSkjema__fetTekst aksel-form-field aksel-form-field--small">
      <label
        for="333"
        class="aksel-form-field__label aksel-label aksel-label--small"
      >
        Brukers f.nr. eller d-nr.
      </label>
      <input
        meta="[object Object]"
        id="333"
        class="aksel-text-field__input aksel-body-short aksel-body-short--small"
        type="text"
        value
        name="333"
      >
      <div
        class="aksel-form-field__error"
        id="333"
        aria-relevant="additions removals"
        aria-live="polite"
      >
      </div>
    </div>
  </div>
</div>

`;
