// Vitest Snapshot v1, https://vitest.dev/guide/snapshot.html

exports[`brukernavnskjema > snapshot test 1`] = `
<div>
  <div
    class="brukerNavnSkjema"
  >
    <div
      class="melosys-textfield brukerNavnSkjema__fetTekst navds-form-field navds-form-field--small"
    >
      <label
        class="navds-form-field__label navds-label navds-label--small"
        for="123"
      >
        Brukers f.nr. eller d-nr.
      </label>
      <input
        class="navds-text-field__input navds-body-short navds-body-short--small"
        id="123"
        meta="[object Object]"
        name="brukerID"
        type="text"
        value=""
      />
      <div
        aria-live="polite"
        aria-relevant="additions removals"
        class="navds-form-field__error"
        id="textField-error-aksel-id-1"
      />
    </div>
    
  </div>
</div>
`;
