// Vitest Snapshot v1, https://vitest.dev/guide/snapshot.html

exports[`SideDialog > snapshot test 1`] = `

<div>
  <div class="dialog">
    <aside>
      <div class="aksel-tabs aksel-tabs--small">
        <nav>
          <div class="aksel-tabs__tablist-wrapper">
            <div
              class="aksel-tabs__tablist"
              role="tablist"
              aria-orientation="horizontal"
            >
              <button
                class="aksel-tabs__tab aksel-tabs__tab--small aksel-tabs__tab-icon--left"
                type="button"
                id="333"
                aria-controls="tabs-_r_0_--tabpanel-dokumenter"
                tabindex="0"
                aria-selected="true"
                data-state="active"
                role="tab"
                data-aksel-tab
              >
                <span class="aksel-tabs__tab-inner aksel-body-short aksel-body-short--small">
                  <span aria-hidden="true">
                  </span>
                  <span>
                    Dokumenter
                  </span>
                </span>
              </button>
              <button
                class="aksel-tabs__tab aksel-tabs__tab--small aksel-tabs__tab-icon--left"
                type="button"
                id="333"
                aria-controls="tabs-_r_0_--tabpanel-notat"
                tabindex="-1"
                aria-selected="false"
                data-state="inactive"
                role="tab"
                data-aksel-tab
              >
                <span class="aksel-tabs__tab-inner aksel-body-short aksel-body-short--small">
                  <span aria-hidden="true">
                  </span>
                  <span>
                    Behandlingsnotat
                  </span>
                </span>
              </button>
              <button
                class="aksel-tabs__tab aksel-tabs__tab--small aksel-tabs__tab-icon--left"
                type="button"
                id="333"
                aria-controls="tabs-_r_0_--tabpanel-brevbestilling"
                tabindex="-1"
                aria-selected="false"
                data-state="inactive"
                role="tab"
                data-aksel-tab
              >
                <span class="aksel-tabs__tab-inner aksel-body-short aksel-body-short--small">
                  <span aria-hidden="true">
                  </span>
                  <span>
                    Send brev
                  </span>
                </span>
              </button>
              <button
                class="aksel-tabs__tab aksel-tabs__tab--small aksel-tabs__tab-icon--left"
                type="button"
                id="333"
                aria-controls="tabs-_r_0_--tabpanel-sedbestilling"
                tabindex="-1"
                aria-selected="false"
                data-state="inactive"
                role="tab"
                data-aksel-tab
              >
                <span class="aksel-tabs__tab-inner aksel-body-short aksel-body-short--small">
                  <span aria-hidden="true">
                  </span>
                  <span>
                    Opprett ny BUC
                  </span>
                </span>
              </button>
              <button
                class="aksel-tabs__tab aksel-tabs__tab--small aksel-tabs__tab-icon--left"
                type="button"
                id="333"
                aria-controls="tabs-_r_0_--tabpanel-besvarsed"
                tabindex="-1"
                aria-selected="false"
                data-state="inactive"
                role="tab"
                data-aksel-tab
              >
                <span class="aksel-tabs__tab-inner aksel-body-short aksel-body-short--small">
                  <span aria-hidden="true">
                  </span>
                  <span>
                    SED-utveksling
                  </span>
                </span>
              </button>
            </div>
          </div>
        </nav>
        <div
          class="aksel-tabs__tabpanel"
          role="tabpanel"
          tabindex="0"
          aria-labelledby="333"
          id="333"
          data-state="active"
        >
          <div>
            <div>
            </div>
            <div class="sideDialogDokumenter">
              <table
                aria-label="Liste over dokumenter knyttet til saken"
                class="aksel-table aksel-table--small"
              >
                <thead class="aksel-table__header">
                  <tr
                    class="aksel-table__row aksel-table__row--shade-on-hover"
                    data-interactive="false"
                  >
                    <th
                      class="aksel-table__header-cell aksel-label aksel-label--small"
                      aria-label="Mottaksretning"
                    >
                    </th>
                    <th class="aksel-table__header-cell aksel-label aksel-label--small">
                      Dokument
                    </th>
                    <th class="aksel-table__header-cell aksel-label aksel-label--small">
                      Avsender/mottaker
                    </th>
                    <th class="aksel-table__header-cell aksel-label aksel-label--small">
                      Dato
                    </th>
                  </tr>
                </thead>
                <tbody class="aksel-table__body">
                  <tr
                    class="aksel-table__row aksel-table__row--shade-on-hover"
                    data-interactive="false"
                  >
                    <td class="aksel-table__data-cell mottaksretning aksel-body-short aksel-body-short--small">
                      <span
                        data-color="info"
                        data-variant="outline"
                        class="aksel-tag aksel-tag--small aksel-body-short aksel-body-short--small"
                      >
                        inn
                      </span>
                    </td>
                    <td class="aksel-table__data-cell aksel-body-short aksel-body-short--small">
                      <span>
                        <a
                          href="#"
                          title="Åpnes i ny fane"
                          aria-label="Åpnes i ny fane"
                          class="aksel-link"
                        >
                          tittel
                          <svg
                            width="24"
                            height="24"
                            viewbox="0 0 24 24"
                            fill="none"
                            xmlns="http://www.w3.org/2000/svg"
                          >
                            <path
                              fill-rule="evenodd"
                              clip-rule="evenodd"
                              d="M20.5857 2H14V0H24V10H22V3.41417L10.7071 14.7071L9.29285 13.2929L20.5857 2ZM0 5C0 3.89543 0.895431 3 2 3H10.5V5L2 5V22H19V13.5H21V22C21 23.1046 20.1046 24 19 24H2C0.895429 24 0 23.1046 0 22V5Z"
                              fill="#0067C5"
                            >
                            </path>
                          </svg>
                        </a>
                      </span>
                    </td>
                    <td class="aksel-table__data-cell aksel-body-short aksel-body-short--small">
                      avsendernavn
                    </td>
                    <td class="aksel-table__data-cell aksel-body-short aksel-body-short--small">
                    </td>
                  </tr>
                </tbody>
              </table>
            </div>
          </div>
        </div>
        <div
          class="aksel-tabs__tabpanel"
          role="tabpanel"
          tabindex="0"
          aria-labelledby="333"
          id="333"
          hidden
          data-state="inactive"
        >
        </div>
        <div
          class="aksel-tabs__tabpanel"
          role="tabpanel"
          tabindex="0"
          aria-labelledby="333"
          id="333"
          hidden
          data-state="inactive"
        >
        </div>
        <div
          class="aksel-tabs__tabpanel"
          role="tabpanel"
          tabindex="0"
          aria-labelledby="333"
          id="333"
          hidden
          data-state="inactive"
        >
        </div>
        <div
          class="aksel-tabs__tabpanel"
          role="tabpanel"
          tabindex="0"
          aria-labelledby="333"
          id="333"
          hidden
          data-state="inactive"
        >
        </div>
      </div>
    </aside>
  </div>
</div>

`;
