// Vitest Snapshot v1, https://vitest.dev/guide/snapshot.html

exports[`SideDialog > snapshot test 1`] = `
<div>
  <div
    class="dialog"
  >
    <aside>
      <div
        class="navds-tabs navds-tabs--medium"
      >
        <nav>
          <div
            class="navds-tabs__tablist-wrapper"
          >
            <div
              aria-orientation="horizontal"
              class="navds-tabs__tablist"
              role="tablist"
            >
              <button
                aria-controls="tabs-r0--tabpanel-dokumenter"
                aria-selected="true"
                class="navds-tabs__tab navds-tabs__tab--medium navds-tabs__tab-icon--left"
                data-index="0"
                data-state="active"
                id="tabs-r0--tab-dokumenter"
                role="tab"
                tabindex="0"
                type="button"
              >
                <span
                  class="navds-tabs__tab-inner navds-body-short navds-body-short--medium"
                >
                  <span
                    aria-hidden="true"
                  />
                  <span>
                    Dokumenter
                  </span>
                </span>
              </button>
              <button
                aria-controls="tabs-r0--tabpanel-notat"
                aria-selected="false"
                class="navds-tabs__tab navds-tabs__tab--medium navds-tabs__tab-icon--left"
                data-index="1"
                data-state="inactive"
                id="tabs-r0--tab-notat"
                role="tab"
                tabindex="-1"
                type="button"
              >
                <span
                  class="navds-tabs__tab-inner navds-body-short navds-body-short--medium"
                >
                  <span
                    aria-hidden="true"
                  />
                  <span>
                    Behandlingsnotat
                  </span>
                </span>
              </button>
              <button
                aria-controls="tabs-r0--tabpanel-brevbestilling"
                aria-selected="false"
                class="navds-tabs__tab navds-tabs__tab--medium navds-tabs__tab-icon--left"
                data-index="2"
                data-state="inactive"
                id="tabs-r0--tab-brevbestilling"
                role="tab"
                tabindex="-1"
                type="button"
              >
                <span
                  class="navds-tabs__tab-inner navds-body-short navds-body-short--medium"
                >
                  <span
                    aria-hidden="true"
                  />
                  <span>
                    Send brev
                  </span>
                </span>
              </button>
              <button
                aria-controls="tabs-r0--tabpanel-sedbestilling"
                aria-selected="false"
                class="navds-tabs__tab navds-tabs__tab--medium navds-tabs__tab-icon--left"
                data-index="3"
                data-state="inactive"
                id="tabs-r0--tab-sedbestilling"
                role="tab"
                tabindex="-1"
                type="button"
              >
                <span
                  class="navds-tabs__tab-inner navds-body-short navds-body-short--medium"
                >
                  <span
                    aria-hidden="true"
                  />
                  <span>
                    Opprett ny BUC
                  </span>
                </span>
              </button>
              <button
                aria-controls="tabs-r0--tabpanel-besvarsed"
                aria-selected="false"
                class="navds-tabs__tab navds-tabs__tab--medium navds-tabs__tab-icon--left"
                data-index="4"
                data-state="inactive"
                id="tabs-r0--tab-besvarsed"
                role="tab"
                tabindex="-1"
                type="button"
              >
                <span
                  class="navds-tabs__tab-inner navds-body-short navds-body-short--medium"
                >
                  <span
                    aria-hidden="true"
                  />
                  <span>
                    SED-utveksling
                  </span>
                </span>
              </button>
            </div>
          </div>
        </nav>
        <div
          aria-labelledby="tabs-r0--tab-dokumenter"
          class="navds-tabs__tabpanel"
          data-state="active"
          id="tabs-r0--tabpanel-dokumenter"
          role="tabpanel"
          tabindex="0"
        >
          <div>
            <div
              class="sideDialogDokumenter"
            >
              <table
                aria-label="Liste over dokumenter knyttet til saken"
                class="navds-table navds-table--small"
              >
                <thead
                  class="navds-table__header"
                >
                  <tr
                    class="navds-table__row navds-table__row--shade-on-hover"
                  >
                    <th
                      aria-label="Mottaksretning"
                      class="navds-table__header-cell navds-label navds-label--small"
                    />
                    <th
                      class="navds-table__header-cell navds-label navds-label--small"
                    >
                      Dokument
                    </th>
                    <th
                      class="navds-table__header-cell navds-label navds-label--small"
                    >
                      Avsender/mottaker
                    </th>
                    <th
                      class="navds-table__header-cell navds-label navds-label--small"
                    >
                      Dato
                    </th>
                  </tr>
                </thead>
                <tbody
                  class="navds-table__body"
                >
                  <tr
                    class="navds-table__row navds-table__row--shade-on-hover"
                  >
                    <td
                      class="navds-table__data-cell mottaksretning navds-body-short navds-body-short--small"
                    >
                      <span
                        class="navds-tag navds-tag--info navds-tag--small navds-body-short navds-body-short--small"
                      >
                        inn
                      </span>
                    </td>
                    <td
                      class="navds-table__data-cell navds-body-short navds-body-short--small"
                    >
                      <span>
                        <a
                          class="navds-link navds-link--action"
                          href="#"
                        >
                          tittel (åpnes i ny fane)
                        </a>
                      </span>
                    </td>
                    <td
                      class="navds-table__data-cell navds-body-short navds-body-short--small"
                    >
                      avsendernavn
                    </td>
                    <td
                      class="navds-table__data-cell navds-body-short navds-body-short--small"
                    />
                  </tr>
                </tbody>
              </table>
            </div>
          </div>
        </div>
        <div
          aria-labelledby="tabs-r0--tab-notat"
          class="navds-tabs__tabpanel"
          data-state="inactive"
          hidden=""
          id="tabs-r0--tabpanel-notat"
          role="tabpanel"
          tabindex="0"
        />
        <div
          aria-labelledby="tabs-r0--tab-brevbestilling"
          class="navds-tabs__tabpanel"
          data-state="inactive"
          hidden=""
          id="tabs-r0--tabpanel-brevbestilling"
          role="tabpanel"
          tabindex="0"
        />
        <div
          aria-labelledby="tabs-r0--tab-sedbestilling"
          class="navds-tabs__tabpanel"
          data-state="inactive"
          hidden=""
          id="tabs-r0--tabpanel-sedbestilling"
          role="tabpanel"
          tabindex="0"
        />
        <div
          aria-labelledby="tabs-r0--tab-besvarsed"
          class="navds-tabs__tabpanel"
          data-state="inactive"
          hidden=""
          id="tabs-r0--tabpanel-besvarsed"
          role="tabpanel"
          tabindex="0"
        />
      </div>
    </aside>
  </div>
</div>
`;
